ARM Linker, 4.1 [Build 894] [Standard]

==============================================================================

Section Cross References

    startup_stm32f10x_hd.o(STACK) refers (Special) to heapauxi.o(.text) for __use_two_region_memory
    startup_stm32f10x_hd.o(HEAP) refers (Special) to heapauxi.o(.text) for __use_two_region_memory
    startup_stm32f10x_hd.o(RESET) refers (Special) to heapauxi.o(.text) for __use_two_region_memory
    startup_stm32f10x_hd.o(RESET) refers to startup_stm32f10x_hd.o(.text) for Reset_Handler
    startup_stm32f10x_hd.o(RESET) refers to stm32f10x_it.o(.text) for NMI_Handler
    startup_stm32f10x_hd.o(.text) refers (Special) to heapauxi.o(.text) for __use_two_region_memory
    startup_stm32f10x_hd.o(.text) refers to startup_stm32f10x_hd.o(STACK) for __initial_sp
    startup_stm32f10x_hd.o(.text) refers to __main.o(!!!main) for __main
    startup_stm32f10x_hd.o(.text) refers to startup_stm32f10x_hd.o(HEAP) for Heap_Mem
    key.o(.text) refers to stm32f10x_rcc.o(.text) for RCC_APB2PeriphClockCmd
    key.o(.text) refers to stm32f10x_gpio.o(.text) for GPIO_Init
    key.o(.text) refers to flash.o(.text) for StoreSysPrama
    key.o(.text) refers to delay_timer.o(.text) for Delayus
    key.o(.text) refers to key.o(.data) for Key
    key.o(.text) refers to tempra_ad.o(.bss) for ADC_SmoothCount
    key.o(.text) refers to tempra_ad.o(.data) for TemperaErrorDis
    key.o(.text) refers to stm32f10x_it.o(.data) for LongKeyTime
    key.o(.text) refers to display.o(.text) for Dis_Menu
    key.o(.text) refers to flash.o(.data) for Config_Data
    key.o(.text) refers to io_process.o(.data) for Alarm
    key.o(.data) refers to tempra_ad.o(.bss) for TemperaError
    display.o(.text) refers to j12864.o(.text) for LCD_Setpos_DispString
    display.o(.text) refers to key.o(.text) for Key_Process
    display.o(.text) refers to io_process.o(.text) for PerifStop
    display.o(.text) refers to key.o(.data) for Key
    display.o(.text) refers to display.o(.data) for pctrl
    display.o(.text) refers to tempra_ad.o(.bss) for TMonitorDis
    display.o(.text) refers to tempra_ad.o(.data) for TemperaErrorDis
    display.o(.text) refers to io_process.o(.data) for Alarm
    display.o(.text) refers to io_process.o(.bss) for Chiller
    display.o(.text) refers to flash.o(.data) for Config_Data
    display.o(.text) refers to stm32f10x_it.o(.data) for AutoTime
    display.o(.text) refers to stm32f10x_gpio.o(.text) for GPIO_ReadInputDataBit
    display.o(.text) refers to flash.o(.text) for GetSysPrama
    display.o(.text) refers to rt_memcpy_v6.o(.text) for __aeabi_memcpy
    display.o(.data) refers to display.o(.conststring) for .conststring
    display.o(.data) refers to display.o(.text) for EnterNormalDis
    io_process.o(.text) refers to stm32f10x_rcc.o(.text) for RCC_APB2PeriphClockCmd
    io_process.o(.text) refers to stm32f10x_gpio.o(.text) for GPIO_Init
    io_process.o(.text) refers to delay_timer.o(.text) for Delayus
    io_process.o(.text) refers to rt_memcpy_v6.o(.text) for __aeabi_memcpy
    io_process.o(.text) refers to io_process.o(.data) for Alarm
    io_process.o(.text) refers to display.o(.data) for OldMenu
    io_process.o(.text) refers to io_process.o(.bss) for Chiller
    io_process.o(.text) refers to stm32f10x_it.o(.data) for CompressorTimeCount
    tempra_ad.o(.text) refers to stm32f10x_rcc.o(.text) for RCC_APB2PeriphClockCmd
    tempra_ad.o(.text) refers to stm32f10x_gpio.o(.text) for GPIO_Init
    tempra_ad.o(.text) refers to stm32f10x_adc.o(.text) for ADC_Init
    tempra_ad.o(.text) refers to stm32f10x_dma.o(.text) for DMA_DeInit
    tempra_ad.o(.text) refers to timer.o(.text) for TIM1_Mode_Config
    tempra_ad.o(.text) refers to display.o(.text) for AntifreezeDis
    tempra_ad.o(.text) refers to io_process.o(.text) for OutPro
    tempra_ad.o(.text) refers to tempra_ad.o(.bss) for ADGetValue
    tempra_ad.o(.text) refers to tempra_ad.o(.data) for ValueCount
    tempra_ad.o(.text) refers to key.o(.data) for Key
    tempra_ad.o(.text) refers to io_process.o(.bss) for Chiller
    tempra_ad.o(.text) refers to rt_memcpy_v6.o(.text) for __aeabi_memcpy
    tempra_ad.o(.text) refers to io_process.o(.data) for Alarm
    tempra_ad.o(.text) refers to display.o(.data) for AlarmSaveflag
    flash.o(.text) refers to stm32flash.o(.text) for STMFLASH_Write
    flash.o(.text) refers to key.o(.data) for Key
    flash.o(.text) refers to flash.o(.data) for Config_Data
    flash.o(.text) refers to tempra_ad.o(.bss) for TemperaError
    flash.o(.text) refers to tempra_ad.o(.data) for TemperaErrorDis
    main.o(.text) refers to system_stm32f10x.o(.text) for SystemInit
    main.o(.text) refers to delay_timer.o(.text) for DelayInit
    main.o(.text) refers to timer.o(.text) for NVIC_Configuration
    main.o(.text) refers to stm32f10x_rcc.o(.text) for RCC_APB1PeriphClockCmd
[...]
    libinit.o(.ARM.Collect$$libinit$$00000000) refers to fpinit.o(x$fpl$fpinit) for _fp_init
    libspace.o(.text) refers to libspace.o(.bss) for __libspace_start
    rtexit.o(.ARM.Collect$$rtexit$$00000000) refers (Special) to rtexit2.o(.ARM.Collect$$rtexit$$00000004) for __rt_exit_exit
    rtexit.o(.ARM.Collect$$rtexit$$00000000) refers (Special) to rtexit2.o(.ARM.Collect$$rtexit$$00000003) for __rt_exit_ls
    rtexit.o(.ARM.Collect$$rtexit$$00000000) refers (Special) to rtexit2.o(.ARM.Collect$$rtexit$$00000002) for __rt_exit_prels_1
    rtexit.o(.ARM.exidx) refers (Special) to rtexit2.o(.ARM.Collect$$rtexit$$00000004) for __rt_exit_exit
    rtexit.o(.ARM.exidx) refers (Special) to rtexit2.o(.ARM.Collect$$rtexit$$00000003) for __rt_exit_ls
    rtexit.o(.ARM.exidx) refers (Special) to rtexit2.o(.ARM.Collect$$rtexit$$00000002) for __rt_exit_prels_1
    rtexit.o(.ARM.exidx) refers to rtexit.o(.ARM.Collect$$rtexit$$00000000) for .ARM.Collect$$rtexit$$00000000
    libinit2.o(.ARM.Collect$$libinit$$0000000C) refers to libinit2.o(.ARM.Collect$$libinit$$0000000B) for .ARM.Collect$$libinit$$0000000B
    libinit2.o(.ARM.Collect$$libinit$$0000000E) refers to libinit2.o(.ARM.Collect$$libinit$$0000000B) for .ARM.Collect$$libinit$$0000000B
    libinit2.o(.ARM.Collect$$libinit$$00000010) refers to libinit2.o(.ARM.Collect$$libinit$$0000000B) for .ARM.Collect$$libinit$$0000000B
    libinit2.o(.ARM.Collect$$libinit$$00000012) refers to libinit2.o(.ARM.Collect$$libinit$$0000000B) for .ARM.Collect$$libinit$$0000000B
    libinit2.o(.ARM.Collect$$libinit$$00000014) refers to libinit2.o(.ARM.Collect$$libinit$$0000000B) for .ARM.Collect$$libinit$$0000000B
    libinit2.o(.ARM.Collect$$libinit$$00000022) refers to argv_veneer.o(.emb_text) for __ARM_argv_veneer
    libinit2.o(.ARM.Collect$$libinit$$00000023) refers to argv_veneer.o(.emb_text) for __ARM_argv_veneer
    fpinit.o(x$fpl$fpinit) refers to rt_fp_status_addr_intlibspace.o(.text) for __rt_fp_status_addr
    rtexit2.o(.ARM.Collect$$rtexit$$00000003) refers to libshutdown.o(.ARM.Collect$$libshutdown$$00000000) for __rt_lib_shutdown
    rtexit2.o(.ARM.Collect$$rtexit$$00000004) refers to sys_exit.o(.text) for _sys_exit
    rtexit2.o(.ARM.exidx) refers to rtexit2.o(.ARM.Collect$$rtexit$$00000001) for .ARM.Collect$$rtexit$$00000001
    rtexit2.o(.ARM.exidx) refers to rtexit2.o(.ARM.Collect$$rtexit$$00000003) for .ARM.Collect$$rtexit$$00000003
    rtexit2.o(.ARM.exidx) refers to rtexit2.o(.ARM.Collect$$rtexit$$00000004) for .ARM.Collect$$rtexit$$00000004
    rt_fp_status_addr.o(.text) refers to rt_fp_status_addr.o(.bss) for __rt_fp_status_addr_data
    rt_fp_status_addr_intlibspace.o(.text) refers to libspace.o(.bss) for __libspace_start
    argv_veneer.o(.emb_text) refers to no_argv.o(.text) for __ARM_get_argv
    sys_exit.o(.text) refers (Special) to use_no_semi.o(.text) for __I$use$semihosting
    sys_exit.o(.text) refers (Special) to indicate_semi.o(.text) for __semihosting_library_function
    _get_argv_nomalloc.o(.text) refers (Special) to hrguard.o(.text) for __heap_region$guard
    _get_argv_nomalloc.o(.text) refers to defsig_rtmem_outer.o(.text) for __rt_SIGRTMEM
    _get_argv_nomalloc.o(.text) refers to sys_command.o(.text) for _sys_command_string
    libshutdown.o(.ARM.Collect$$libshutdown$$00000000) refers (Special) to libshutdown2.o(.ARM.Collect$$libshutdown$$00000006) for __rt_lib_shutdown_fp_trap_1
    libshutdown.o(.ARM.Collect$$libshutdown$$00000000) refers (Special) to libshutdown2.o(.ARM.Collect$$libshutdown$$0000000E) for __rt_lib_shutdown_heap_1
    libshutdown.o(.ARM.Collect$$libshutdown$$00000000) refers (Special) to libshutdown2.o(.ARM.Collect$$libshutdown$$0000000F) for __rt_lib_shutdown_return
    libshutdown.o(.ARM.Collect$$libshutdown$$00000000) refers (Special) to libshutdown2.o(.ARM.Collect$$libshutdown$$00000009) for __rt_lib_shutdown_signal_1
    libshutdown.o(.ARM.Collect$$libshutdown$$00000000) refers (Special) to libshutdown2.o(.ARM.Collect$$libshutdown$$00000003) for __rt_lib_shutdown_stdio_1
    libshutdown.o(.ARM.Collect$$libshutdown$$00000000) refers (Special) to libshutdown2.o(.ARM.Collect$$libshutdown$$0000000B) for __rt_lib_shutdown_user_alloc_1
    sys_command.o(.text) refers (Special) to use_no_semi.o(.text) for __I$use$semihosting
    sys_command.o(.text) refers (Special) to indicate_semi.o(.text) for __semihosting_library_function
    defsig_rtmem_outer.o(.text) refers to defsig_rtmem_inner.o(.text) for __rt_SIGRTMEM_inner
    defsig_rtmem_outer.o(.text) refers to defsig_exit.o(.text) for __sig_exit
    defsig_rtmem_formal.o(.text) refers to rt_raise.o(.text) for __rt_raise
    rt_raise.o(.text) refers to __raise.o(.text) for __raise
    rt_raise.o(.text) refers to sys_exit.o(.text) for _sys_exit
    defsig_exit.o(.text) refers to sys_exit.o(.text) for _sys_exit
    defsig_rtmem_inner.o(.text) refers to defsig_general.o(.text) for __default_signal_display
    __raise.o(.text) refers to defsig.o(CL$$defsig) for __default_signal_handler
    defsig_general.o(.text) refers to sys_wrch.o(.text) for _ttywrch
    sys_wrch.o(.text) refers (Special) to use_no_semi.o(.text) for __I$use$semihosting
    sys_wrch.o(.text) refers (Special) to indicate_semi.o(.text) for __semihosting_library_function
    defsig.o(CL$$defsig) refers to defsig_rtmem_inner.o(.text) for __rt_SIGRTMEM_inner
    defsig_abrt_inner.o(.text) refers to defsig_general.o(.text) for __default_signal_display
    defsig_fpe_inner.o(.text) refers to defsig_general.o(.text) for __default_signal_display
    defsig_rtred_inner.o(.text) refers to defsig_general.o(.text) for __default_signal_display
    defsig_stak_inner.o(.text) refers to defsig_general.o(.text) for __default_signal_display
    defsig_pvfn_inner.o(.text) refers to defsig_general.o(.text) for __default_signal_display
    defsig_cppl_inner.o(.text) refers to defsig_general.o(.text) for __default_signal_display
    defsig_segv_inner.o(.text) refers to defsig_general.o(.text) for __default_signal_display
    defsig_other.o(.text) refers to defsig_general.o(.text) for __default_signal_display


==============================================================================

Removing Unused input sections from the image.

    Removing core_cm3.o(.emb_text), (32 bytes).
    Removing system_stm32f10x.o(.constdata), (20 bytes).
    Removing main.o(.data), (4 bytes).
    Removing stm32f10x_adc.o(.rev16_text), (4 bytes).
    Removing stm32f10x_adc.o(.revsh_text), (4 bytes).
    Removing stm32f10x_dma.o(.rev16_text), (4 bytes).
    Removing stm32f10x_dma.o(.revsh_text), (4 bytes).
    Removing stm32f10x_gpio.o(.rev16_text), (4 bytes).
    Removing stm32f10x_gpio.o(.revsh_text), (4 bytes).
    Removing stm32f10x_it.o(.rev16_text), (4 bytes).
    Removing stm32f10x_it.o(.revsh_text), (4 bytes).
    Removing stm32f10x_rcc.o(.rev16_text), (4 bytes).
    Removing stm32f10x_rcc.o(.revsh_text), (4 bytes).
    Removing stm32f10x_tim.o(.rev16_text), (4 bytes).
    Removing stm32f10x_tim.o(.revsh_text), (4 bytes).
    Removing j12864.o(.rev16_text), (4 bytes).
    Removing j12864.o(.revsh_text), (4 bytes).
    Removing stm32flash.o(.rev16_text), (4 bytes).
    Removing stm32flash.o(.revsh_text), (4 bytes).
    Removing stm32flash.o(.data), (4 bytes).
    Removing timer.o(.rev16_text), (4 bytes).
    Removing timer.o(.revsh_text), (4 bytes).
    Removing timer.o(.data), (4 bytes).
    Removing misc.o(.rev16_text), (4 bytes).
    Removing misc.o(.revsh_text), (4 bytes).
    Removing stm32f10x_flash.o(.rev16_text), (4 bytes).
    Removing stm32f10x_flash.o(.revsh_text), (4 bytes).

27 unused section(s) (total 152 bytes) removed from the image.

==============================================================================

Image Symbol Table

    Local Symbols

    Symbol Name                              Value     Ov Type        Size  Object(Section)

    ../../angel/boardlib.s                   0x00000000   Number         0  boardinit2.o ABSOLUTE
    ../../angel/boardlib.s                   0x00000000   Number         0  boardinit3.o ABSOLUTE
    ../../angel/boardlib.s                   0x00000000   Number         0  boardinit1.o ABSOLUTE
    ../../angel/boardlib.s                   0x00000000   Number         0  boardshut.o ABSOLUTE
    ../../angel/dczerorl2.s                  0x00000000   Number         0  __dczerorl2.o ABSOLUTE
    ../../angel/handlers.s                   0x00000000   Number         0  __scatter_zi.o ABSOLUTE
    ../../angel/kernel.s                     0x00000000   Number         0  rtexit2.o ABSOLUTE
    ../../angel/kernel.s                     0x00000000   Number         0  rtexit.o ABSOLUTE
    ../../angel/kernel.s                     0x00000000   Number         0  rtentry4.o ABSOLUTE
    ../../angel/kernel.s                     0x00000000   Number         0  rtentry2.o ABSOLUTE
    ../../angel/kernel.s                     0x00000000   Number         0  rtentry.o ABSOLUTE
    ../../angel/rt.s                         0x00000000   Number         0  rt_fp_status_addr_intlibspace.o ABSOLUTE
    ../../angel/rt.s                         0x00000000   Number         0  rt_fp_status_addr.o ABSOLUTE
    ../../angel/rt.s                         0x00000000   Number         0  rt_raise.o ABSOLUTE
    ../../angel/scatter.s                    0x00000000   Number         0  __scatter.o ABSOLUTE
    ../../angel/startup.s                    0x00000000   Number         0  __main.o ABSOLUTE
    ../../angel/sys.s                        0x00000000   Number         0  libspace.o ABSOLUTE
    ../../angel/sys.s                        0x00000000   Number         0  indicate_semi.o ABSOLUTE
    ../../angel/sys.s                        0x00000000   Number         0  sys_stackheap_outer.o ABSOLUTE
    ../../angel/sys.s                        0x00000000   Number         0  use_no_semi.o ABSOLUTE
    ../../angel/sysapp.c                     0x00000000   Number         0  sys_wrch.o ABSOLUTE
    ../../angel/sysapp.c                     0x00000000   Number         0  sys_command.o ABSOLUTE
    ../../angel/sysapp.c                     0x00000000   Number         0  sys_exit.o ABSOLUTE
    ../../armsys.c                           0x00000000   Number         0  argv_veneer.o ABSOLUTE
    ../../armsys.c                           0x00000000   Number         0  no_argv.o ABSOLUTE
    ../../armsys.c                           0x00000000   Number         0  _get_argv_nomalloc.o ABSOLUTE
    ../../armsys.c                           0x00000000   Number         0  argv_veneer.o ABSOLUTE
    ../../fpinit.s                           0x00000000   Number         0  fpinit.o ABSOLUTE
    ../../heapalloc.c                        0x00000000   Number         0  hrguard.o ABSOLUTE
    ../../heapaux.c                          0x00000000   Number         0  heapauxi.o ABSOLUTE
    ../../libinit.s                          0x00000000   Number         0  libshutdown.o ABSOLUTE
    ../../libinit.s                          0x00000000   Number         0  libinit.o ABSOLUTE
    ../../libinit.s                          0x00000000   Number         0  libinit2.o ABSOLUTE
    ../../libinit.s                          0x00000000   Number         0  libshutdown2.o ABSOLUTE
    ../../memcpset.s                         0x00000000   Number         0  rt_memcpy_w.o ABSOLUTE
    ../../memcpset.s                         0x00000000   Number         0  rt_memcpy_v6.o ABSOLUTE
    ../../signal.c                           0x00000000   Number         0  defsig_rtmem_inner.o ABSOLUTE
    ../../signal.c                           0x00000000   Number         0  defsig_other.o ABSOLUTE
    ../../signal.c                           0x00000000   Number         0  defsig_segv_inner.o ABSOLUTE
    ../../signal.c                           0x00000000   Number         0  defsig_cppl_inner.o ABSOLUTE
    ../../signal.c                           0x00000000   Number         0  defsig_stak_inner.o ABSOLUTE
    ../../signal.c                           0x00000000   Number         0  defsig_exit.o ABSOLUTE
    ../../signal.c                           0x00000000   Number         0  defsig_rtmem_outer.o ABSOLUTE
    ../../signal.c                           0x00000000   Number         0  defsig_general.o ABSOLUTE
    ../../signal.c                           0x00000000   Number         0  defsig_fpe_inner.o ABSOLUTE
    ../../signal.c                           0x00000000   Number         0  defsig_abrt_inner.o ABSOLUTE
    ../../signal.c                           0x00000000   Number         0  defsig_pvfn_inner.o ABSOLUTE
    ../../signal.c                           0x00000000   Number         0  defsig_rtred_inner.o ABSOLUTE
    ../../signal.c                           0x00000000   Number         0  __raise.o ABSOLUTE
    ../../signal.c                           0x00000000   Number         0  defsig_rtmem_formal.o ABSOLUTE
    ../../signal.s                           0x00000000   Number         0  defsig.o ABSOLUTE
    ../../stdlib.c                           0x00000000   Number         0  exit.o ABSOLUTE
    ..\CMSIS\core_cm3.c                      0x00000000   Number         0  core_cm3.o ABSOLUTE
    ..\CMSIS\startup\startup_stm32f10x_hd.s  0x00000000   Number         0  startup_stm32f10x_hd.o ABSOLUTE
    ..\CMSIS\system_stm32f10x.c              0x00000000   Number         0  system_stm32f10x.o ABSOLUTE
    ..\FWlib\src\misc.c                      0x00000000   Number         0  misc.o ABSOLUTE
    ..\FWlib\src\stm32f10x_adc.c             0x00000000   Number         0  stm32f10x_adc.o ABSOLUTE
    ..\FWlib\src\stm32f10x_dma.c             0x00000000   Number         0  stm32f10x_dma.o ABSOLUTE
    ..\FWlib\src\stm32f10x_flash.c           0x00000000   Number         0  stm32f10x_flash.o ABSOLUTE
    ..\FWlib\src\stm32f10x_gpio.c            0x00000000   Number         0  stm32f10x_gpio.o ABSOLUTE
    ..\FWlib\src\stm32f10x_it.c              0x00000000   Number         0  stm32f10x_it.o ABSOLUTE
    ..\FWlib\src\stm32f10x_rcc.c             0x00000000   Number         0  stm32f10x_rcc.o ABSOLUTE
    ..\FWlib\src\stm32f10x_tim.c             0x00000000   Number         0  stm32f10x_tim.o ABSOLUTE
    ..\USER\src\Delay_Timer.c                0x00000000   Number         0  delay_timer.o ABSOLUTE
    ..\USER\src\Display.c                    0x00000000   Number         0  display.o ABSOLUTE
    ..\USER\src\IO_Process.c                 0x00000000   Number         0  io_process.o ABSOLUTE
    ..\USER\src\J12864.c                     0x00000000   Number         0  j12864.o ABSOLUTE
    ..\USER\src\STM32Flash.c                 0x00000000   Number         0  stm32flash.o ABSOLUTE
    ..\USER\src\Tempra_AD.c                  0x00000000   Number         0  tempra_ad.o ABSOLUTE
    ..\USER\src\Timer.c                      0x00000000   Number         0  timer.o ABSOLUTE
    ..\USER\src\flash.c                      0x00000000   Number         0  flash.o ABSOLUTE
    ..\USER\src\key.c                        0x00000000   Number         0  key.o ABSOLUTE
    ..\\CMSIS\\core_cm3.c                    0x00000000   Number         0  core_cm3.o ABSOLUTE
    ..\\FWlib\\src\\misc.c                   0x00000000   Number         0  misc.o ABSOLUTE
    ..\\FWlib\\src\\stm32f10x_adc.c          0x00000000   Number         0  stm32f10x_adc.o ABSOLUTE
    ..\\FWlib\\src\\stm32f10x_dma.c          0x00000000   Number         0  stm32f10x_dma.o ABSOLUTE
    ..\\FWlib\\src\\stm32f10x_flash.c        0x00000000   Number         0  stm32f10x_flash.o ABSOLUTE
    ..\\FWlib\\src\\stm32f10x_gpio.c         0x00000000   Number         0  stm32f10x_gpio.o ABSOLUTE
    ..\\FWlib\\src\\stm32f10x_it.c           0x00000000   Number         0  stm32f10x_it.o ABSOLUTE
    ..\\FWlib\\src\\stm32f10x_rcc.c          0x00000000   Number         0  stm32f10x_rcc.o ABSOLUTE
    ..\\FWlib\\src\\stm32f10x_tim.c          0x00000000   Number         0  stm32f10x_tim.o ABSOLUTE
    ..\\USER\\src\\J12864.c                  0x00000000   Number         0  j12864.o ABSOLUTE
    ..\\USER\\src\\STM32Flash.c              0x00000000   Number         0  stm32flash.o ABSOLUTE
    ..\\USER\\src\\Timer.c                   0x00000000   Number         0  timer.o ABSOLUTE
    APP\main.c                               0x00000000   Number         0  main.o ABSOLUTE
    dc.s                                     0x00000000   Number         0  dc.o ABSOLUTE
    RESET                                    0x08000000   Section      304  startup_stm32f10x_hd.o(RESET)
    !!!main                                  0x08000130   Section        8  __main.o(!!!main)
    !!!scatter                               0x08000138   Section       52  __scatter.o(!!!scatter)
    !!dczerorl2                              0x0800016c   Section       90  __dczerorl2.o(!!dczerorl2)
    !!handler_zi                             0x080001c8   Section       28  __scatter_zi.o(!!handler_zi)
    .ARM.Collect$$libinit$$00000000          0x080001e4   Section        6  libinit.o(.ARM.Collect$$libinit$$00000000)
    .ARM.Collect$$libinit$$00000006          0x080001ea   Section        0  libinit2.o(.ARM.Collect$$libinit$$00000006)
    .ARM.Collect$$libinit$$00000008          0x080001ea   Section        0  libinit2.o(.ARM.Collect$$libinit$$00000008)
    .ARM.Collect$$libinit$$0000000A          0x080001ea   Section        0  libinit2.o(.ARM.Collect$$libinit$$0000000A)
    .ARM.Collect$$libinit$$0000000D          0x080001ea   Section        0  libinit2.o(.ARM.Collect$$libinit$$0000000D)
    .ARM.Collect$$libinit$$0000000F          0x080001ea   Section        0  libinit2.o(.ARM.Collect$$libinit$$0000000F)
    .ARM.Collect$$libinit$$00000011          0x080001ea   Section        0  libinit2.o(.ARM.Collect$$libinit$$00000011)
    .ARM.Collect$$libinit$$00000013          0x080001ea   Section        0  libinit2.o(.ARM.Collect$$libinit$$00000013)
    .ARM.Collect$$libinit$$00000015          0x080001ea   Section        0  libinit2.o(.ARM.Collect$$libinit$$00000015)
    .ARM.Collect$$libinit$$00000017          0x080001ea   Section        0  libinit2.o(.ARM.Collect$$libinit$$00000017)
    .ARM.Collect$$libinit$$00000019          0x080001ea   Section        0  libinit2.o(.ARM.Collect$$libinit$$00000019)
    .ARM.Collect$$libinit$$0000001B          0x080001ea   Section        0  libinit2.o(.ARM.Collect$$libinit$$0000001B)
    .ARM.Collect$$libinit$$0000001D          0x080001ea   Section        0  libinit2.o(.ARM.Collect$$libinit$$0000001D)
    .ARM.Collect$$libinit$$0000001F          0x080001ea   Section        0  libinit2.o(.ARM.Collect$$libinit$$0000001F)
    .ARM.Collect$$libinit$$00000021          0x080001ea   Section        0  libinit2.o(.ARM.Collect$$libinit$$00000021)
    .ARM.Collect$$libinit$$00000028          0x080001ea   Section        0  libinit2.o(.ARM.Collect$$libinit$$00000028)
    .ARM.Collect$$libinit$$0000002A          0x080001ea   Section        0  libinit2.o(.ARM.Collect$$libinit$$0000002A)
    .ARM.Collect$$libinit$$0000002C          0x080001ea   Section        0  libinit2.o(.ARM.Collect$$libinit$$0000002C)
    .ARM.Collect$$libinit$$0000002E          0x080001ea   Section        0  libinit2.o(.ARM.Collect$$libinit$$0000002E)
    .ARM.Collect$$libinit$$0000002F          0x080001ea   Section        2  libinit2.o(.ARM.Collect$$libinit$$0000002F)
    .ARM.Collect$$libshutdown$$00000000      0x080001ec   Section        2  libshutdown.o(.ARM.Collect$$libshutdown$$00000000)
    .ARM.Collect$$libshutdown$$00000003      0x080001ee   Section        0  libshutdown2.o(.ARM.Collect$$libshutdown$$00000003)
    .ARM.Collect$$libshutdown$$00000006      0x080001ee   Section        0  libshutdown2.o(.ARM.Collect$$libshutdown$$00000006)
    .ARM.Collect$$libshutdown$$00000009      0x080001ee   Section        0  libshutdown2.o(.ARM.Collect$$libshutdown$$00000009)
    .ARM.Collect$$libshutdown$$0000000B      0x080001ee   Section        0  libshutdown2.o(.ARM.Collect$$libshutdown$$0000000B)
    .ARM.Collect$$libshutdown$$0000000E      0x080001ee   Section        0  libshutdown2.o(.ARM.Collect$$libshutdown$$0000000E)
    .ARM.Collect$$libshutdown$$0000000F      0x080001ee   Section        2  libshutdown2.o(.ARM.Collect$$libshutdown$$0000000F)
    .ARM.Collect$$rtentry$$00000000          0x080001f0   Section        0  rtentry.o(.ARM.Collect$$rtentry$$00000000)
    .ARM.Collect$$rtentry$$00000002          0x080001f0   Section        0  rtentry2.o(.ARM.Collect$$rtentry$$00000002)
    .ARM.Collect$$rtentry$$00000004          0x080001f0   Section        6  rtentry4.o(.ARM.Collect$$rtentry$$00000004)
    .ARM.Collect$$rtentry$$00000009          0x080001f6   Section        0  rtentry2.o(.ARM.Collect$$rtentry$$00000009)
    .ARM.Collect$$rtentry$$0000000A          0x080001f6   Section        4  rtentry2.o(.ARM.Collect$$rtentry$$0000000A)
    .ARM.Collect$$rtentry$$0000000C          0x080001fa   Section        0  rtentry2.o(.ARM.Collect$$rtentry$$0000000C)
    .ARM.Collect$$rtentry$$0000000D          0x080001fa   Section        8  rtentry2.o(.ARM.Collect$$rtentry$$0000000D)
    .ARM.Collect$$rtexit$$00000000           0x08000202   Section        2  rtexit.o(.ARM.Collect$$rtexit$$00000000)
    .ARM.Collect$$rtexit$$00000002           0x08000204   Section        0  rtexit2.o(.ARM.Collect$$rtexit$$00000002)
    .ARM.Collect$$rtexit$$00000003           0x08000204   Section        4  rtexit2.o(.ARM.Collect$$rtexit$$00000003)
    .ARM.Collect$$rtexit$$00000004           0x08000208   Section        6  rtexit2.o(.ARM.Collect$$rtexit$$00000004)
    .text                                    0x08000210   Section       72  startup_stm32f10x_hd.o(.text)
    .text                                    0x08000258   Section        0  key.o(.text)
    .text                                    0x080007b0   Section        0  display.o(.text)
    .text                                    0x08000da0   Section        0  io_process.o(.text)
    .text                                    0x08001100   Section        0  tempra_ad.o(.text)
    .text                                    0x0800172c   Section        0  flash.o(.text)
    .text                                    0x08001804   Section        0  system_stm32f10x.o(.text)
    SetSysClockTo72                          0x08001805   Thumb Code   198  system_stm32f10x.o(.text)
    SetSysClock                              0x080018cb   Thumb Code     8  system_stm32f10x.o(.text)
    .text                                    0x08001928   Section        0  main.o(.text)
    .text                                    0x080019e8   Section        0  stm32f10x_adc.o(.text)
    .text                                    0x08001e18   Section        0  stm32f10x_dma.o(.text)
    .text                                    0x08002054   Section        0  stm32f10x_gpio.o(.text)
    .text                                    0x08002380   Section        0  stm32f10x_it.o(.text)
    .text                                    0x08002418   Section        0  stm32f10x_rcc.o(.text)
    .text                                    0x080027b8   Section        0  stm32f10x_tim.o(.text)
    TI4_Config                               0x08002ad7   Thumb Code    82  stm32f10x_tim.o(.text)
    TI3_Config                               0x08002b3b   Thumb Code    72  stm32f10x_tim.o(.text)
    TI2_Config                               0x08002bad   Thumb Code    80  stm32f10x_tim.o(.text)
    TI1_Config                               0x08002c0f   Thumb Code    56  stm32f10x_tim.o(.text)
    .text                                    0x08003380   Section        0  delay_timer.o(.text)
    .text                                    0x080033f0   Section        0  j12864.o(.text)
    .text                                    0x08003cb4   Section        0  stm32flash.o(.text)
    .text                                    0x08003dec   Section        0  timer.o(.text)
    .text                                    0x08003f20   Section        0  misc.o(.text)
    .text                                    0x08003ffc   Section        0  stm32f10x_flash.o(.text)
    delay                                    0x08004085   Thumb Code    26  stm32f10x_flash.o(.text)
    .text                                    0x08004528   Section      138  rt_memcpy_v6.o(.text)
    .text                                    0x080045b2   Section        0  heapauxi.o(.text)
    .text                                    0x080045b8   Section      100  rt_memcpy_w.o(.text)
    .text                                    0x0800461c   Section       74  sys_stackheap_outer.o(.text)
    .text                                    0x08004666   Section        0  exit.o(.text)
    .text                                    0x08004674   Section        8  libspace.o(.text)
    .text                                    0x0800467c   Section        8  rt_fp_status_addr_intlibspace.o(.text)
    .text                                    0x08004684   Section        0  sys_exit.o(.text)
    .text                                    0x08004690   Section        2  use_no_semi.o(.text)
    .text                                    0x08004692   Section        0  indicate_semi.o(.text)
    x$fpl$fpinit                             0x08004692   Section       14  fpinit.o(x$fpl$fpinit)
    .conststring                             0x080046a0   Section      755  display.o(.conststring)
    .data                                    0x20000000   Section       52  key.o(.data)
    LongTimeFlag                             0x20000020   Data           1  key.o(.data)
    SetFlag                                  0x20000021   Data           1  key.o(.data)
    UpFlag                                   0x20000022   Data           1  key.o(.data)
    DownFlag                                 0x20000023   Data           1  key.o(.data)
    DubleKeyFlag                             0x20000024   Data           1  key.o(.data)
    i                                        0x20000025   Data           1  key.o(.data)
    ptemper                                  0x20000028   Data           4  key.o(.data)
    pt                                       0x2000002c   Data           4  key.o(.data)
    cpuclkfeq                                0x20000030   Data           4  key.o(.data)
    .data                                    0x20000034   Section      389  display.o(.data)
    workstart                                0x200001b0   Data           1  display.o(.data)
    cpuclkfeq                                0x200001b4   Data           4  display.o(.data)
    .data                                    0x200001bc   Section       20  io_process.o(.data)
    CompressorDelayFlag                      0x200001c8   Data           1  io_process.o(.data)
    cpuclkfeq                                0x200001cc   Data           4  io_process.o(.data)
    .data                                    0x200001d0   Section       24  tempra_ad.o(.data)
    ValueCount                               0x200001e0   Data           4  tempra_ad.o(.data)
    cpuclkfeq                                0x200001e4   Data           4  tempra_ad.o(.data)
    .data                                    0x200001e8   Section       60  flash.o(.data)
    cpuclkfeq                                0x20000220   Data           4  flash.o(.data)
    .data                                    0x20000224   Section       24  stm32f10x_it.o(.data)
    .data                                    0x2000023c   Section       20  stm32f10x_rcc.o(.data)
    APBAHBPrescTable                         0x2000023c   Data          16  stm32f10x_rcc.o(.data)
    ADCPrescTable                            0x2000024c   Data           4  stm32f10x_rcc.o(.data)
    .data                                    0x20000250   Section        4  delay_timer.o(.data)
    cpuclkfeq                                0x20000250   Data           4  delay_timer.o(.data)
    .data                                    0x20000254   Section       32  j12864.o(.data)
    flag                                     0x20000254   Data           2  j12864.o(.data)
    i                                        0x20000256   Data           2  j12864.o(.data)
    i                                        0x20000258   Data           4  j12864.o(.data)
    j                                        0x2000025c   Data           4  j12864.o(.data)
    k                                        0x20000260   Data           4  j12864.o(.data)
    wei                                      0x20000264   Data           4  j12864.o(.data)
    q                                        0x20000268   Data           4  j12864.o(.data)
    i                                        0x2000026c   Data           2  j12864.o(.data)
    j                                        0x2000026e   Data           2  j12864.o(.data)
    cpuclkfeq                                0x20000270   Data           4  j12864.o(.data)
    .bss                                     0x20000274   Section       28  io_process.o(.bss)
    .bss                                     0x20000290   Section     2736  tempra_ad.o(.bss)
    ADC_SmoothFilter                         0x200002a8   Data         240  tempra_ad.o(.bss)
    .bss                                     0x20000d40   Section     2048  stm32flash.o(.bss)
    .bss                                     0x20001540   Section       96  libspace.o(.bss)
    HEAP                                     0x200015a0   Section        0  startup_stm32f10x_hd.o(HEAP)
    STACK                                    0x200015a0   Section      512  startup_stm32f10x_hd.o(STACK)
    Heap_Mem                                 0x200015a0   Data           0  startup_stm32f10x_hd.o(HEAP)
    Stack_Mem                                0x200015a0   Data         512  startup_stm32f10x_hd.o(STACK)
    __initial_sp                             0x200017a0   Data           0  startup_stm32f10x_hd.o(STACK)

    Global Symbols

    Symbol Name                              Value     Ov Type        Size  Object(Section)

    BuildAttributes$$THM_ISAv4$P$D$K$B$S$PE$A:L22UL41UL21$X:L11$S22US41US21$IEEE1$IW$USESV6$~STKCKD$USESV7$~SHL$OSPACE$ROPI$EBA8$UX$STANDARDLIB$REQ8$PRES8$EABIv2 0x00000000   Number         0  anon$$obj.o ABSOLUTE
    __ARM_use_no_argv                        0x00000000   Number         0  main.o ABSOLUTE
    __ARM_exceptions_init                     - Undefined Weak Reference
    __alloca_initialize                       - Undefined Weak Reference
    __cpp_initialize__aeabi_                  - Undefined Weak Reference
    __cxa_finalize                            - Undefined Weak Reference
    __rt_locale                               - Undefined Weak Reference
    __sigvec_lookup                           - Undefined Weak Reference
    _atexit_init                              - Undefined Weak Reference
    _call_atexit_fns                          - Undefined Weak Reference
    _clock_init                               - Undefined Weak Reference
    _fp_trap_init                             - Undefined Weak Reference
    _fp_trap_shutdown                         - Undefined Weak Reference
    _get_lc_collate                           - Undefined Weak Reference
    _get_lc_ctype                             - Undefined Weak Reference
    _get_lc_monetary                          - Undefined Weak Reference
    _get_lc_numeric                           - Undefined Weak Reference
    _get_lc_time                              - Undefined Weak Reference
    _getenv_init                              - Undefined Weak Reference
    _handle_redirection                       - Undefined Weak Reference
    _init_alloc                               - Undefined Weak Reference
    _init_user_alloc                          - Undefined Weak Reference
    _initio                                   - Undefined Weak Reference
    _rand_init                                - Undefined Weak Reference
    _signal_finish                            - Undefined Weak Reference
    _signal_init                              - Undefined Weak Reference
    _terminate_alloc                          - Undefined Weak Reference
    _terminate_user_alloc                     - Undefined Weak Reference
    _terminateio                              - Undefined Weak Reference
    __Vectors_Size                           0x00000130   Number         0  startup_stm32f10x_hd.o ABSOLUTE
    __Vectors                                0x08000000   Data           4  startup_stm32f10x_hd.o(RESET)
    __Vectors_End                            0x08000130   Data           0  startup_stm32f10x_hd.o(RESET)
    __main                                   0x08000131   Thumb Code     8  __main.o(!!!main)
    __scatterload                            0x08000139   Thumb Code     0  __scatter.o(!!!scatter)
    __scatterload_rt2                        0x08000139   Thumb Code    44  __scatter.o(!!!scatter)
    __scatterload_rt2_thumb_only             0x08000139   Thumb Code     0  __scatter.o(!!!scatter)
    __scatterload_null                       0x08000147   Thumb Code     0  __scatter.o(!!!scatter)
    __decompress                             0x0800016d   Thumb Code    90  __dczerorl2.o(!!dczerorl2)
    __decompress1                            0x0800016d   Thumb Code     0  __dczerorl2.o(!!dczerorl2)
    __scatterload_zeroinit                   0x080001c9   Thumb Code    28  __scatter_zi.o(!!handler_zi)
    __rt_lib_init                            0x080001e5   Thumb Code     0  libinit.o(.ARM.Collect$$libinit$$00000000)
    __rt_lib_init_alloca_1                   0x080001eb   Thumb Code     0  libinit2.o(.ARM.Collect$$libinit$$0000002A)
    __rt_lib_init_argv_1                     0x080001eb   Thumb Code     0  libinit2.o(.ARM.Collect$$libinit$$00000028)
    __rt_lib_init_atexit_1                   0x080001eb   Thumb Code     0  libinit2.o(.ARM.Collect$$libinit$$00000017)
    __rt_lib_init_clock_1                    0x080001eb   Thumb Code     0  libinit2.o(.ARM.Collect$$libinit$$0000001D)
    __rt_lib_init_cpp_1                      0x080001eb   Thumb Code     0  libinit2.o(.ARM.Collect$$libinit$$0000002E)
    __rt_lib_init_exceptions_1               0x080001eb   Thumb Code     0  libinit2.o(.ARM.Collect$$libinit$$0000002C)
    __rt_lib_init_fp_trap_1                  0x080001eb   Thumb Code     0  libinit2.o(.ARM.Collect$$libinit$$0000001B)
    __rt_lib_init_getenv_1                   0x080001eb   Thumb Code     0  libinit2.o(.ARM.Collect$$libinit$$0000001F)
    __rt_lib_init_heap_1                     0x080001eb   Thumb Code     0  libinit2.o(.ARM.Collect$$libinit$$00000006)
    __rt_lib_init_lc_collate_1               0x080001eb   Thumb Code     0  libinit2.o(.ARM.Collect$$libinit$$0000000D)
    __rt_lib_init_lc_ctype_1                 0x080001eb   Thumb Code     0  libinit2.o(.ARM.Collect$$libinit$$0000000F)
    __rt_lib_init_lc_monetary_1              0x080001eb   Thumb Code     0  libinit2.o(.ARM.Collect$$libinit$$00000011)
    __rt_lib_init_lc_numeric_1               0x080001eb   Thumb Code     0  libinit2.o(.ARM.Collect$$libinit$$00000013)
    __rt_lib_init_lc_time_1                  0x080001eb   Thumb Code     0  libinit2.o(.ARM.Collect$$libinit$$00000015)
    __rt_lib_init_rand_1                     0x080001eb   Thumb Code     0  libinit2.o(.ARM.Collect$$libinit$$0000000A)
    __rt_lib_init_return                     0x080001eb   Thumb Code     0  libinit2.o(.ARM.Collect$$libinit$$0000002F)
    __rt_lib_init_signal_1                   0x080001eb   Thumb Code     0  libinit2.o(.ARM.Collect$$libinit$$00000019)
    __rt_lib_init_stdio_1                    0x080001eb   Thumb Code     0  libinit2.o(.ARM.Collect$$libinit$$00000021)
    __rt_lib_init_user_alloc_1               0x080001eb   Thumb Code     0  libinit2.o(.ARM.Collect$$libinit$$00000008)
    __rt_lib_shutdown                        0x080001ed   Thumb Code     0  libshutdown.o(.ARM.Collect$$libshutdown$$00000000)
    __rt_lib_shutdown_fp_trap_1              0x080001ef   Thumb Code     0  libshutdown2.o(.ARM.Collect$$libshutdown$$00000006)
    __rt_lib_shutdown_heap_1                 0x080001ef   Thumb Code     0  libshutdown2.o(.ARM.Collect$$libshutdown$$0000000E)
    __rt_lib_shutdown_return                 0x080001ef   Thumb Code     0  libshutdown2.o(.ARM.Collect$$libshutdown$$0000000F)
    __rt_lib_shutdown_signal_1               0x080001ef   Thumb Code     0  libshutdown2.o(.ARM.Collect$$libshutdown$$00000009)
    __rt_lib_shutdown_stdio_1                0x080001ef   Thumb Code     0  libshutdown2.o(.ARM.Collect$$libshutdown$$00000003)
    __rt_lib_shutdown_user_alloc_1           0x080001ef   Thumb Code     0  libshutdown2.o(.ARM.Collect$$libshutdown$$0000000B)
    __rt_entry                               0x080001f1   Thumb Code     0  rtentry.o(.ARM.Collect$$rtentry$$00000000)
    __rt_entry_presh_1                       0x080001f1   Thumb Code     0  rtentry2.o(.ARM.Collect$$rtentry$$00000002)
    __rt_entry_sh                            0x080001f1   Thumb Code     0  rtentry4.o(.ARM.Collect$$rtentry$$00000004)
    __rt_entry_li                            0x080001f7   Thumb Code     0  rtentry2.o(.ARM.Collect$$rtentry$$0000000A)
    __rt_entry_postsh_1                      0x080001f7   Thumb Code     0  rtentry2.o(.ARM.Collect$$rtentry$$00000009)
    __rt_entry_main                          0x080001fb   Thumb Code     0  rtentry2.o(.ARM.Collect$$rtentry$$0000000D)
    __rt_entry_postli_1                      0x080001fb   Thumb Code     0  rtentry2.o(.ARM.Collect$$rtentry$$0000000C)
    __rt_exit                                0x08000203   Thumb Code     0  rtexit.o(.ARM.Collect$$rtexit$$00000000)
    __rt_exit_ls                             0x08000205   Thumb Code     0  rtexit2.o(.ARM.Collect$$rtexit$$00000003)
    __rt_exit_prels_1                        0x08000205   Thumb Code     0  rtexit2.o(.ARM.Collect$$rtexit$$00000002)
    __rt_exit_exit                           0x08000209   Thumb Code     0  rtexit2.o(.ARM.Collect$$rtexit$$00000004)
    SystemInit_ExtMemCtl                     0x08000211   Thumb Code     2  startup_stm32f10x_hd.o(.text)
    Reset_Handler                            0x08000213   Thumb Code    14  startup_stm32f10x_hd.o(.text)
    ADC1_2_IRQHandler                        0x08000233   Thumb Code     0  startup_stm32f10x_hd.o(.text)
    ADC3_IRQHandler                          0x08000233   Thumb Code     0  startup_stm32f10x_hd.o(.text)
    CAN1_RX1_IRQHandler                      0x08000233   Thumb Code     0  startup_stm32f10x_hd.o(.text)
    CAN1_SCE_IRQHandler                      0x08000233   Thumb Code     0  startup_stm32f10x_hd.o(.text)
    DMA1_Channel1_IRQHandler                 0x08000233   Thumb Code     0  startup_stm32f10x_hd.o(.text)
    DMA1_Channel2_IRQHandler                 0x08000233   Thumb Code     0  startup_stm32f10x_hd.o(.text)
    DMA1_Channel3_IRQHandler                 0x08000233   Thumb Code     0  startup_stm32f10x_hd.o(.text)
    DMA1_Channel4_IRQHandler                 0x08000233   Thumb Code     0  startup_stm32f10x_hd.o(.text)
    DMA1_Channel5_IRQHandler                 0x08000233   Thumb Code     0  startup_stm32f10x_hd.o(.text)
    DMA1_Channel6_IRQHandler                 0x08000233   Thumb Code     0  startup_stm32f10x_hd.o(.text)
    DMA1_Channel7_IRQHandler                 0x08000233   Thumb Code     0  startup_stm32f10x_hd.o(.text)
    DMA2_Channel1_IRQHandler                 0x08000233   Thumb Code     0  startup_stm32f10x_hd.o(.text)
    DMA2_Channel2_IRQHandler                 0x08000233   Thumb Code     0  startup_stm32f10x_hd.o(.text)
    DMA2_Channel3_IRQHandler                 0x08000233   Thumb Code     0  startup_stm32f10x_hd.o(.text)
    DMA2_Channel4_5_IRQHandler               0x08000233   Thumb Code     0  startup_stm32f10x_hd.o(.text)
    EXTI0_IRQHandler                         0x08000233   Thumb Code     0  startup_stm32f10x_hd.o(.text)
    EXTI15_10_IRQHandler                     0x08000233   Thumb Code     0  startup_stm32f10x_hd.o(.text)
    EXTI1_IRQHandler                         0x08000233   Thumb Code     0  startup_stm32f10x_hd.o(.text)
    EXTI2_IRQHandler                         0x08000233   Thumb Code     0  startup_stm32f10x_hd.o(.text)
    EXTI3_IRQHandler                         0x08000233   Thumb Code     0  startup_stm32f10x_hd.o(.text)
    EXTI4_IRQHandler                         0x08000233   Thumb Code     0  startup_stm32f10x_hd.o(.text)
    EXTI9_5_IRQHandler                       0x08000233   Thumb Code     0  startup_stm32f10x_hd.o(.text)
    FLASH_IRQHandler                         0x08000233   Thumb Code     0  startup_stm32f10x_hd.o(.text)
    FSMC_IRQHandler                          0x08000233   Thumb Code     0  startup_stm32f10x_hd.o(.text)
    I2C1_ER_IRQHandler                       0x08000233   Thumb Code     0  startup_stm32f10x_hd.o(.text)
    I2C1_EV_IRQHandler                       0x08000233   Thumb Code     0  startup_stm32f10x_hd.o(.text)
    I2C2_ER_IRQHandler                       0x08000233   Thumb Code     0  startup_stm32f10x_hd.o(.text)
    I2C2_EV_IRQHandler                       0x08000233   Thumb Code     0  startup_stm32f10x_hd.o(.text)
    PVD_IRQHandler                           0x08000233   Thumb Code     0  startup_stm32f10x_hd.o(.text)
    RCC_IRQHandler                           0x08000233   Thumb Code     0  startup_stm32f10x_hd.o(.text)
    RTCAlarm_IRQHandler                      0x08000233   Thumb Code     0  startup_stm32f10x_hd.o(.text)
    RTC_IRQHandler                           0x08000233   Thumb Code     0  startup_stm32f10x_hd.o(.text)
    SDIO_IRQHandler                          0x08000233   Thumb Code     0  startup_stm32f10x_hd.o(.text)
    SPI1_IRQHandler                          0x08000233   Thumb Code     0  startup_stm32f10x_hd.o(.text)
    SPI2_IRQHandler                          0x08000233   Thumb Code     0  startup_stm32f10x_hd.o(.text)
    SPI3_IRQHandler                          0x08000233   Thumb Code     0  startup_stm32f10x_hd.o(.text)
    TAMPER_IRQHandler                        0x08000233   Thumb Code     0  startup_stm32f10x_hd.o(.text)
    TIM1_BRK_IRQHandler                      0x08000233   Thumb Code     0  startup_stm32f10x_hd.o(.text)
    TIM1_CC_IRQHandler                       0x08000233   Thumb Code     0  startup_stm32f10x_hd.o(.text)
    TIM1_TRG_COM_IRQHandler                  0x08000233   Thumb Code     0  startup_stm32f10x_hd.o(.text)
    TIM1_UP_IRQHandler                       0x08000233   Thumb Code     0  startup_stm32f10x_hd.o(.text)
    TIM3_IRQHandler                          0x08000233   Thumb Code     0  startup_stm32f10x_hd.o(.text)
    TIM4_IRQHandler                          0x08000233   Thumb Code     0  startup_stm32f10x_hd.o(.text)
    TIM5_IRQHandler                          0x08000233   Thumb Code     0  startup_stm32f10x_hd.o(.text)
    TIM6_IRQHandler                          0x08000233   Thumb Code     0  startup_stm32f10x_hd.o(.text)
    TIM7_IRQHandler                          0x08000233   Thumb Code     0  startup_stm32f10x_hd.o(.text)
    TIM8_BRK_IRQHandler                      0x08000233   Thumb Code     0  startup_stm32f10x_hd.o(.text)
    TIM8_CC_IRQHandler                       0x08000233   Thumb Code     0  startup_stm32f10x_hd.o(.text)
    TIM8_TRG_COM_IRQHandler                  0x08000233   Thumb Code     0  startup_stm32f10x_hd.o(.text)
    TIM8_UP_IRQHandler                       0x08000233   Thumb Code     0  startup_stm32f10x_hd.o(.text)
    UART4_IRQHandler                         0x08000233   Thumb Code     0  startup_stm32f10x_hd.o(.text)
    UART5_IRQHandler                         0x08000233   Thumb Code     0  startup_stm32f10x_hd.o(.text)
    USART1_IRQHandler                        0x08000233   Thumb Code     0  startup_stm32f10x_hd.o(.text)
    USART2_IRQHandler                        0x08000233   Thumb Code     0  startup_stm32f10x_hd.o(.text)
    USART3_IRQHandler                        0x08000233   Thumb Code     0  startup_stm32f10x_hd.o(.text)
    USBWakeUp_IRQHandler                     0x08000233   Thumb Code     0  startup_stm32f10x_hd.o(.text)
    USB_HP_CAN1_TX_IRQHandler                0x08000233   Thumb Code     0  startup_stm32f10x_hd.o(.text)
    USB_LP_CAN1_RX0_IRQHandler               0x08000233   Thumb Code     0  startup_stm32f10x_hd.o(.text)
    WWDG_IRQHandler                          0x08000233   Thumb Code     0  startup_stm32f10x_hd.o(.text)
    __user_initial_stackheap                 0x08000235   Thumb Code     0  startup_stm32f10x_hd.o(.text)
    Key_GPIO_Config                          0x08000259   Thumb Code    74  key.o(.text)
    Set_Pro                                  0x080002a3   Thumb Code   586  key.o(.text)
    Key_Scan                                 0x080004ed   Thumb Code   522  key.o(.text)
    Key_Process                              0x080006f7   Thumb Code   154  key.o(.text)
    EnterNormalDis                           0x080007b1   Thumb Code   174  display.o(.text)
    EnterModelSetting                        0x0800085f   Thumb Code    44  display.o(.text)
    EnterTemperaSetting                      0x0800088b   Thumb Code   120  display.o(.text)
    AlarmDis                                 0x08000903   Thumb Code   238  display.o(.text)
    DisLogo                                  0x080009f1   Thumb Code    46  display.o(.text)
    WaitOperation                            0x08000a1f   Thumb Code   538  display.o(.text)
    AntifreezeDis                            0x08000c39   Thumb Code   158  display.o(.text)
    Dis_Menu                                 0x08000cd7   Thumb Code   160  display.o(.text)
    IOputConfig                              0x08000da1   Thumb Code   102  io_process.o(.text)
    PerifStop                                0x08000e07   Thumb Code    12  io_process.o(.text)
    PerifStart                               0x08000e13   Thumb Code    12  io_process.o(.text)
    InputMonitor                             0x08000e1f   Thumb Code   498  io_process.o(.text)
    OutPro                                   0x08001011   Thumb Code   200  io_process.o(.text)
    ADC1_GPIO_Config                         0x08001101   Thumb Code    32  tempra_ad.o(.text)
    ADC1_Mode_Config                         0x08001121   Thumb Code   190  tempra_ad.o(.text)
    DMA_Config                               0x080011df   Thumb Code    86  tempra_ad.o(.text)
    ADC1_Init                                0x08001235   Thumb Code    20  tempra_ad.o(.text)
    ADC1_Tempera                             0x08001249   Thumb Code   586  tempra_ad.o(.text)
    AntifreezePro                            0x08001493   Thumb Code   182  tempra_ad.o(.text)
    TemperaPro                               0x08001549   Thumb Code   458  tempra_ad.o(.text)
    StoreSysPrama                            0x0800172d   Thumb Code    92  flash.o(.text)
    GetSysPrama                              0x08001789   Thumb Code   100  flash.o(.text)
    SystemInit                               0x080018d3   Thumb Code    68  system_stm32f10x.o(.text)
    main                                     0x08001929   Thumb Code   170  main.o(.text)
    ADC_DeInit                               0x080019e9   Thumb Code    90  stm32f10x_adc.o(.text)
    ADC_Init                                 0x08001a43   Thumb Code    70  stm32f10x_adc.o(.text)
    ADC_StructInit                           0x08001a89   Thumb Code    18  stm32f10x_adc.o(.text)
    ADC_Cmd                                  0x08001a9b   Thumb Code    22  stm32f10x_adc.o(.text)
    ADC_DMACmd                               0x08001ab1   Thumb Code    22  stm32f10x_adc.o(.text)
    ADC_ITConfig                             0x08001ac7   Thumb Code    24  stm32f10x_adc.o(.text)
    ADC_ResetCalibration                     0x08001adf   Thumb Code    10  stm32f10x_adc.o(.text)
    ADC_GetResetCalibrationStatus            0x08001ae9   Thumb Code    20  stm32f10x_adc.o(.text)
    ADC_StartCalibration                     0x08001afd   Thumb Code    10  stm32f10x_adc.o(.text)
    ADC_GetCalibrationStatus                 0x08001b07   Thumb Code    20  stm32f10x_adc.o(.text)
    ADC_SoftwareStartConvCmd                 0x08001b1b   Thumb Code    22  stm32f10x_adc.o(.text)
    ADC_GetSoftwareStartConvStatus           0x08001b31   Thumb Code    20  stm32f10x_adc.o(.text)
    ADC_DiscModeChannelCountConfig           0x08001b45   Thumb Code    24  stm32f10x_adc.o(.text)
    ADC_DiscModeCmd                          0x08001b5d   Thumb Code    22  stm32f10x_adc.o(.text)
    ADC_RegularChannelConfig                 0x08001b73   Thumb Code   184  stm32f10x_adc.o(.text)
    ADC_ExternalTrigConvCmd                  0x08001c2b   Thumb Code    22  stm32f10x_adc.o(.text)
    ADC_GetConversionValue                   0x08001c41   Thumb Code     8  stm32f10x_adc.o(.text)
    ADC_GetDualModeConversionValue           0x08001c49   Thumb Code     6  stm32f10x_adc.o(.text)
    ADC_AutoInjectedConvCmd                  0x08001c4f   Thumb Code    22  stm32f10x_adc.o(.text)
    ADC_InjectedDiscModeCmd                  0x08001c65   Thumb Code    22  stm32f10x_adc.o(.text)
    ADC_ExternalTrigInjectedConvConfig       0x08001c7b   Thumb Code    16  stm32f10x_adc.o(.text)
    ADC_ExternalTrigInjectedConvCmd          0x08001c8b   Thumb Code    22  stm32f10x_adc.o(.text)
    ADC_SoftwareStartInjectedConvCmd         0x08001ca1   Thumb Code    22  stm32f10x_adc.o(.text)
    ADC_GetSoftwareStartInjectedConvCmdStatus 0x08001cb7   Thumb Code    20  stm32f10x_adc.o(.text)
    ADC_InjectedChannelConfig                0x08001ccb   Thumb Code   130  stm32f10x_adc.o(.text)
    ADC_InjectedSequencerLengthConfig        0x08001d4d   Thumb Code    24  stm32f10x_adc.o(.text)
    ADC_SetInjectedOffset                    0x08001d65   Thumb Code     4  stm32f10x_adc.o(.text)
    ADC_GetInjectedConversionValue           0x08001d69   Thumb Code    10  stm32f10x_adc.o(.text)
    ADC_AnalogWatchdogCmd                    0x08001d73   Thumb Code    16  stm32f10x_adc.o(.text)
    ADC_AnalogWatchdogThresholdsConfig       0x08001d83   Thumb Code     6  stm32f10x_adc.o(.text)
    ADC_AnalogWatchdogSingleChannelConfig    0x08001d89   Thumb Code    16  stm32f10x_adc.o(.text)
    ADC_TempSensorVrefintCmd                 0x08001d99   Thumb Code    38  stm32f10x_adc.o(.text)
    ADC_GetFlagStatus                        0x08001dbf   Thumb Code    38  stm32f10x_adc.o(.text)
    ADC_ClearFlag                            0x08001de5   Thumb Code     6  stm32f10x_adc.o(.text)
    ADC_GetITStatus                          0x08001deb   Thumb Code    36  stm32f10x_adc.o(.text)
    ADC_ClearITPendingBit                    0x08001e0f   Thumb Code    10  stm32f10x_adc.o(.text)
    DMA_DeInit                               0x08001e19   Thumb Code   306  stm32f10x_dma.o(.text)
    DMA_Init                                 0x08001f4b   Thumb Code    60  stm32f10x_dma.o(.text)
    DMA_StructInit                           0x08001f87   Thumb Code    26  stm32f10x_dma.o(.text)
    DMA_Cmd                                  0x08001fa1   Thumb Code    22  stm32f10x_dma.o(.text)
    DMA_ITConfig                             0x08001fb7   Thumb Code    18  stm32f10x_dma.o(.text)
    DMA_GetCurrDataCounter                   0x08001fc9   Thumb Code     8  stm32f10x_dma.o(.text)
    DMA_GetFlagStatus                        0x08001fd1   Thumb Code    38  stm32f10x_dma.o(.text)
    DMA_ClearFlag                            0x08001ff7   Thumb Code    20  stm32f10x_dma.o(.text)
    DMA_GetITStatus                          0x0800200b   Thumb Code    38  stm32f10x_dma.o(.text)
    DMA_ClearITPendingBit                    0x08002031   Thumb Code    20  stm32f10x_dma.o(.text)
    GPIO_DeInit                              0x08002055   Thumb Code   188  stm32f10x_gpio.o(.text)
    GPIO_AFIODeInit                          0x08002111   Thumb Code    20  stm32f10x_gpio.o(.text)
    GPIO_Init                                0x08002125   Thumb Code   274  stm32f10x_gpio.o(.text)
    GPIO_StructInit                          0x08002237   Thumb Code    16  stm32f10x_gpio.o(.text)
    GPIO_ReadInputDataBit                    0x08002247   Thumb Code    18  stm32f10x_gpio.o(.text)
    GPIO_ReadInputData                       0x08002259   Thumb Code     8  stm32f10x_gpio.o(.text)
    GPIO_ReadOutputDataBit                   0x08002261   Thumb Code    18  stm32f10x_gpio.o(.text)
    GPIO_ReadOutputData                      0x08002273   Thumb Code     8  stm32f10x_gpio.o(.text)
    GPIO_SetBits                             0x0800227b   Thumb Code     4  stm32f10x_gpio.o(.text)
    GPIO_ResetBits                           0x0800227f   Thumb Code     4  stm32f10x_gpio.o(.text)
    GPIO_WriteBit                            0x08002283   Thumb Code    10  stm32f10x_gpio.o(.text)
    GPIO_Write                               0x0800228d   Thumb Code     4  stm32f10x_gpio.o(.text)
    GPIO_PinLockConfig                       0x08002291   Thumb Code    18  stm32f10x_gpio.o(.text)
    GPIO_EventOutputConfig                   0x080022a3   Thumb Code    26  stm32f10x_gpio.o(.text)
    GPIO_EventOutputCmd                      0x080022bd   Thumb Code     6  stm32f10x_gpio.o(.text)
    GPIO_PinRemapConfig                      0x080022c3   Thumb Code   106  stm32f10x_gpio.o(.text)
    GPIO_EXTILineConfig                      0x0800232d   Thumb Code    66  stm32f10x_gpio.o(.text)
    NMI_Handler                              0x08002381   Thumb Code     2  stm32f10x_it.o(.text)
    HardFault_Handler                        0x08002383   Thumb Code     4  stm32f10x_it.o(.text)
    MemManage_Handler                        0x08002387   Thumb Code     4  stm32f10x_it.o(.text)
    BusFault_Handler                         0x0800238b   Thumb Code     4  stm32f10x_it.o(.text)
    UsageFault_Handler                       0x0800238f   Thumb Code     4  stm32f10x_it.o(.text)
    SVC_Handler                              0x08002393   Thumb Code     2  stm32f10x_it.o(.text)
    DebugMon_Handler                         0x08002395   Thumb Code     2  stm32f10x_it.o(.text)
    PendSV_Handler                           0x08002397   Thumb Code     2  stm32f10x_it.o(.text)
    SysTick_Handler                          0x08002399   Thumb Code     2  stm32f10x_it.o(.text)
    TIM2_IRQHandler                          0x0800239b   Thumb Code   100  stm32f10x_it.o(.text)
    RCC_DeInit                               0x08002419   Thumb Code    62  stm32f10x_rcc.o(.text)
    RCC_HSEConfig                            0x08002457   Thumb Code    70  stm32f10x_rcc.o(.text)
    RCC_GetFlagStatus                        0x0800249d   Thumb Code    56  stm32f10x_rcc.o(.text)
    RCC_WaitForHSEStartUp                    0x080024d5   Thumb Code    54  stm32f10x_rcc.o(.text)
    RCC_AdjustHSICalibrationValue            0x0800250b   Thumb Code    20  stm32f10x_rcc.o(.text)
    RCC_HSICmd                               0x0800251f   Thumb Code     6  stm32f10x_rcc.o(.text)
    RCC_PLLConfig                            0x08002525   Thumb Code    24  stm32f10x_rcc.o(.text)
    RCC_PLLCmd                               0x0800253d   Thumb Code     6  stm32f10x_rcc.o(.text)
    RCC_SYSCLKConfig                         0x08002543   Thumb Code    18  stm32f10x_rcc.o(.text)
    RCC_GetSYSCLKSource                      0x08002555   Thumb Code    10  stm32f10x_rcc.o(.text)
    RCC_HCLKConfig                           0x0800255f   Thumb Code    18  stm32f10x_rcc.o(.text)
    RCC_PCLK1Config                          0x08002571   Thumb Code    18  stm32f10x_rcc.o(.text)
    RCC_PCLK2Config                          0x08002583   Thumb Code    20  stm32f10x_rcc.o(.text)
    RCC_ITConfig                             0x08002597   Thumb Code    26  stm32f10x_rcc.o(.text)
    RCC_USBCLKConfig                         0x080025b1   Thumb Code     6  stm32f10x_rcc.o(.text)
    RCC_ADCCLKConfig                         0x080025b7   Thumb Code    18  stm32f10x_rcc.o(.text)
    RCC_LSEConfig                            0x080025c9   Thumb Code    44  stm32f10x_rcc.o(.text)
    RCC_LSICmd                               0x080025f5   Thumb Code     6  stm32f10x_rcc.o(.text)
    RCC_RTCCLKConfig                         0x080025fb   Thumb Code    12  stm32f10x_rcc.o(.text)
    RCC_RTCCLKCmd                            0x08002607   Thumb Code     8  stm32f10x_rcc.o(.text)
    RCC_GetClocksFreq                        0x0800260f   Thumb Code   192  stm32f10x_rcc.o(.text)
    RCC_AHBPeriphClockCmd                    0x080026cf   Thumb Code    26  stm32f10x_rcc.o(.text)
    RCC_APB2PeriphClockCmd                   0x080026e9   Thumb Code    26  stm32f10x_rcc.o(.text)
    RCC_APB1PeriphClockCmd                   0x08002703   Thumb Code    26  stm32f10x_rcc.o(.text)
    RCC_APB2PeriphResetCmd                   0x0800271d   Thumb Code    26  stm32f10x_rcc.o(.text)
    RCC_APB1PeriphResetCmd                   0x08002737   Thumb Code    26  stm32f10x_rcc.o(.text)
    RCC_BackupResetCmd                       0x08002751   Thumb Code     8  stm32f10x_rcc.o(.text)
    RCC_ClockSecuritySystemCmd               0x08002759   Thumb Code     6  stm32f10x_rcc.o(.text)
    RCC_MCOConfig                            0x0800275f   Thumb Code     6  stm32f10x_rcc.o(.text)
    RCC_ClearFlag                            0x08002765   Thumb Code    14  stm32f10x_rcc.o(.text)
    RCC_GetITStatus                          0x08002773   Thumb Code    20  stm32f10x_rcc.o(.text)
    RCC_ClearITPendingBit                    0x08002787   Thumb Code     6  stm32f10x_rcc.o(.text)
    TIM_DeInit                               0x080027b9   Thumb Code   214  stm32f10x_tim.o(.text)
    TIM_TimeBaseInit                         0x0800288f   Thumb Code    50  stm32f10x_tim.o(.text)
    TIM_OC1Init                              0x080028c1   Thumb Code   110  stm32f10x_tim.o(.text)
    TIM_OC2Init                              0x0800292f   Thumb Code   148  stm32f10x_tim.o(.text)
    TIM_OC3Init                              0x080029c3   Thumb Code   144  stm32f10x_tim.o(.text)
    TIM_OC4Init                              0x08002a53   Thumb Code   106  stm32f10x_tim.o(.text)
    TIM_SetIC4Prescaler                      0x08002abd   Thumb Code    26  stm32f10x_tim.o(.text)
    TIM_SetIC3Prescaler                      0x08002b29   Thumb Code    18  stm32f10x_tim.o(.text)
    TIM_SetIC2Prescaler                      0x08002b83   Thumb Code    42  stm32f10x_tim.o(.text)
    TIM_SetIC1Prescaler                      0x08002bfd   Thumb Code    18  stm32f10x_tim.o(.text)
    TIM_ICInit                               0x08002c47   Thumb Code   110  stm32f10x_tim.o(.text)
    TIM_PWMIConfig                           0x08002cb5   Thumb Code   124  stm32f10x_tim.o(.text)
    TIM_BDTRConfig                           0x08002d31   Thumb Code    32  stm32f10x_tim.o(.text)
    TIM_TimeBaseStructInit                   0x08002d51   Thumb Code    18  stm32f10x_tim.o(.text)
    TIM_OCStructInit                         0x08002d63   Thumb Code    20  stm32f10x_tim.o(.text)
    TIM_ICStructInit                         0x08002d77   Thumb Code    18  stm32f10x_tim.o(.text)
    TIM_BDTRStructInit                       0x08002d89   Thumb Code    18  stm32f10x_tim.o(.text)
    TIM_Cmd                                  0x08002d9b   Thumb Code    24  stm32f10x_tim.o(.text)
    TIM_CtrlPWMOutputs                       0x08002db3   Thumb Code    30  stm32f10x_tim.o(.text)
    TIM_ITConfig                             0x08002dd1   Thumb Code    18  stm32f10x_tim.o(.text)
    TIM_GenerateEvent                        0x08002de3   Thumb Code     4  stm32f10x_tim.o(.text)
    TIM_DMAConfig                            0x08002de7   Thumb Code    10  stm32f10x_tim.o(.text)
    TIM_DMACmd                               0x08002df1   Thumb Code    18  stm32f10x_tim.o(.text)
    TIM_InternalClockConfig                  0x08002e03   Thumb Code    12  stm32f10x_tim.o(.text)
    TIM_SelectInputTrigger                   0x08002e0f   Thumb Code    18  stm32f10x_tim.o(.text)
    TIM_ITRxExternalClockConfig              0x08002e21   Thumb Code    24  stm32f10x_tim.o(.text)
    TIM_TIxExternalClockConfig               0x08002e39   Thumb Code    62  stm32f10x_tim.o(.text)
    TIM_ETRConfig                            0x08002e77   Thumb Code    30  stm32f10x_tim.o(.text)
    TIM_ETRClockMode1Config                  0x08002e95   Thumb Code    54  stm32f10x_tim.o(.text)
    TIM_ETRClockMode2Config                  0x08002ecb   Thumb Code    32  stm32f10x_tim.o(.text)
    TIM_PrescalerConfig                      0x08002eeb   Thumb Code     6  stm32f10x_tim.o(.text)
    TIM_CounterModeConfig                    0x08002ef1   Thumb Code    18  stm32f10x_tim.o(.text)
    TIM_EncoderInterfaceConfig               0x08002f03   Thumb Code    66  stm32f10x_tim.o(.text)
    TIM_ForcedOC1Config                      0x08002f45   Thumb Code    18  stm32f10x_tim.o(.text)
    TIM_ForcedOC2Config                      0x08002f57   Thumb Code    26  stm32f10x_tim.o(.text)
    TIM_ForcedOC3Config                      0x08002f71   Thumb Code    18  stm32f10x_tim.o(.text)
    TIM_ForcedOC4Config                      0x08002f83   Thumb Code    26  stm32f10x_tim.o(.text)
    TIM_ARRPreloadConfig                     0x08002f9d   Thumb Code    24  stm32f10x_tim.o(.text)
    TIM_SelectCOM                            0x08002fb5   Thumb Code    24  stm32f10x_tim.o(.text)
    TIM_SelectCCDMA                          0x08002fcd   Thumb Code    24  stm32f10x_tim.o(.text)
    TIM_CCPreloadControl                     0x08002fe5   Thumb Code    24  stm32f10x_tim.o(.text)
    TIM_OC1PreloadConfig                     0x08002ffd   Thumb Code    18  stm32f10x_tim.o(.text)
    TIM_OC2PreloadConfig                     0x0800300f   Thumb Code    26  stm32f10x_tim.o(.text)
    TIM_OC3PreloadConfig                     0x08003029   Thumb Code    18  stm32f10x_tim.o(.text)
    TIM_OC4PreloadConfig                     0x0800303b   Thumb Code    26  stm32f10x_tim.o(.text)
    TIM_OC1FastConfig                        0x08003055   Thumb Code    18  stm32f10x_tim.o(.text)
    TIM_OC2FastConfig                        0x08003067   Thumb Code    26  stm32f10x_tim.o(.text)
    TIM_OC3FastConfig                        0x08003081   Thumb Code    18  stm32f10x_tim.o(.text)
    TIM_OC4FastConfig                        0x08003093   Thumb Code    26  stm32f10x_tim.o(.text)
    TIM_ClearOC1Ref                          0x080030ad   Thumb Code    18  stm32f10x_tim.o(.text)
    TIM_ClearOC2Ref                          0x080030bf   Thumb Code    24  stm32f10x_tim.o(.text)
    TIM_ClearOC3Ref                          0x080030d7   Thumb Code    18  stm32f10x_tim.o(.text)
    TIM_ClearOC4Ref                          0x080030e9   Thumb Code    24  stm32f10x_tim.o(.text)
    TIM_OC1PolarityConfig                    0x08003101   Thumb Code    18  stm32f10x_tim.o(.text)
    TIM_OC1NPolarityConfig                   0x08003113   Thumb Code    18  stm32f10x_tim.o(.text)
    TIM_OC2PolarityConfig                    0x08003125   Thumb Code    26  stm32f10x_tim.o(.text)
    TIM_OC2NPolarityConfig                   0x0800313f   Thumb Code    26  stm32f10x_tim.o(.text)
    TIM_OC3PolarityConfig                    0x08003159   Thumb Code    26  stm32f10x_tim.o(.text)
    TIM_OC3NPolarityConfig                   0x08003173   Thumb Code    26  stm32f10x_tim.o(.text)
    TIM_OC4PolarityConfig                    0x0800318d   Thumb Code    26  stm32f10x_tim.o(.text)
    TIM_CCxCmd                               0x080031a7   Thumb Code    26  stm32f10x_tim.o(.text)
    TIM_CCxNCmd                              0x080031c1   Thumb Code    26  stm32f10x_tim.o(.text)
    TIM_SelectOCxM                           0x080031db   Thumb Code   134  stm32f10x_tim.o(.text)
    TIM_UpdateDisableConfig                  0x08003261   Thumb Code    24  stm32f10x_tim.o(.text)
    TIM_UpdateRequestConfig                  0x08003279   Thumb Code    24  stm32f10x_tim.o(.text)
    TIM_SelectHallSensor                     0x08003291   Thumb Code    24  stm32f10x_tim.o(.text)
    TIM_SelectOnePulseMode                   0x080032a9   Thumb Code    18  stm32f10x_tim.o(.text)
    TIM_SelectOutputTrigger                  0x080032bb   Thumb Code    18  stm32f10x_tim.o(.text)
    TIM_SelectSlaveMode                      0x080032cd   Thumb Code    18  stm32f10x_tim.o(.text)
    TIM_SelectMasterSlaveMode                0x080032df   Thumb Code    18  stm32f10x_tim.o(.text)
    TIM_SetCounter                           0x080032f1   Thumb Code     4  stm32f10x_tim.o(.text)
    TIM_SetAutoreload                        0x080032f5   Thumb Code     4  stm32f10x_tim.o(.text)
    TIM_SetCompare1                          0x080032f9   Thumb Code     4  stm32f10x_tim.o(.text)
    TIM_SetCompare2                          0x080032fd   Thumb Code     4  stm32f10x_tim.o(.text)
    TIM_SetCompare3                          0x08003301   Thumb Code     4  stm32f10x_tim.o(.text)
    TIM_SetCompare4                          0x08003305   Thumb Code     6  stm32f10x_tim.o(.text)
    TIM_SetClockDivision                     0x0800330b   Thumb Code    14  stm32f10x_tim.o(.text)
    TIM_GetCapture1                          0x08003319   Thumb Code     6  stm32f10x_tim.o(.text)
    TIM_GetCapture2                          0x0800331f   Thumb Code     6  stm32f10x_tim.o(.text)
    TIM_GetCapture3                          0x08003325   Thumb Code     6  stm32f10x_tim.o(.text)
    TIM_GetCapture4                          0x0800332b   Thumb Code     8  stm32f10x_tim.o(.text)
    TIM_GetCounter                           0x08003333   Thumb Code     6  stm32f10x_tim.o(.text)
    TIM_GetPrescaler                         0x08003339   Thumb Code     6  stm32f10x_tim.o(.text)
    TIM_GetFlagStatus                        0x0800333f   Thumb Code    18  stm32f10x_tim.o(.text)
    TIM_ClearFlag                            0x08003351   Thumb Code     6  stm32f10x_tim.o(.text)
    TIM_GetITStatus                          0x08003357   Thumb Code    34  stm32f10x_tim.o(.text)
    TIM_ClearITPendingBit                    0x08003379   Thumb Code     6  stm32f10x_tim.o(.text)
    DelayInit                                0x08003381   Thumb Code    30  delay_timer.o(.text)
    Delayus                                  0x0800339f   Thumb Code    64  delay_timer.o(.text)
    LCD_WriteInitCmd                         0x080033f1   Thumb Code   168  j12864.o(.text)
    LCD_WaitLaisure                          0x08003499   Thumb Code   202  j12864.o(.text)
    LCD_WriteCmd                             0x08003563   Thumb Code   172  j12864.o(.text)
    LCD_WriteByte                            0x0800360f   Thumb Code   198  j12864.o(.text)
    LCD_pos                                  0x080036d5   Thumb Code    12  j12864.o(.text)
    LCD_Setpos                               0x080036e1   Thumb Code    46  j12864.o(.text)
    LCD_DispChar                             0x0800370f   Thumb Code    12  j12864.o(.text)
    LCD_Setpos_DispChar                      0x0800371b   Thumb Code    24  j12864.o(.text)
    LCD_DispString                           0x08003733   Thumb Code    46  j12864.o(.text)
    LCD_Setpos_DispString                    0x08003761   Thumb Code    24  j12864.o(.text)
    LCD_Dispnum                              0x08003779   Thumb Code   186  j12864.o(.text)
    LCD_Setpos_Dispnum                       0x08003833   Thumb Code    24  j12864.o(.text)
    LCD_DispDecimal                          0x0800384b   Thumb Code   396  j12864.o(.text)
    LCD_Setpos_DispDecimal                   0x080039d7   Thumb Code    32  j12864.o(.text)
    LCD_DispDateTime                         0x080039f7   Thumb Code   224  j12864.o(.text)
    LCD_DispPicture                          0x08003ad7   Thumb Code   138  j12864.o(.text)
    LCD_ShiftLeft                            0x08003b61   Thumb Code    10  j12864.o(.text)
    LCD_ShiftRight                           0x08003b6b   Thumb Code    10  j12864.o(.text)
    LCD_Clear                                0x08003b75   Thumb Code    10  j12864.o(.text)
    LCD_Return                               0x08003b7f   Thumb Code    10  j12864.o(.text)
    LCD_Close                                0x08003b89   Thumb Code    10  j12864.o(.text)
    LCD_Open                                 0x08003b93   Thumb Code    10  j12864.o(.text)
    LCD_FlickerChar                          0x08003b9d   Thumb Code    22  j12864.o(.text)
    LCD_CloseFlicker                         0x08003bb3   Thumb Code    10  j12864.o(.text)
    LCD_FlickerScreen                        0x08003bbd   Thumb Code    28  j12864.o(.text)
    LCD_PORT_Init                            0x08003bd9   Thumb Code    80  j12864.o(.text)
    LCD_Init                                 0x08003c29   Thumb Code   138  j12864.o(.text)
    STMFLASH_ReadHalfWord                    0x08003cb5   Thumb Code     6  stm32flash.o(.text)
    STMFLASH_Write_NoCheck                   0x08003cbb   Thumb Code    38  stm32flash.o(.text)
    STMFLASH_Read                            0x08003ce1   Thumb Code    36  stm32flash.o(.text)
    STMFLASH_Write                           0x08003d05   Thumb Code   222  stm32flash.o(.text)
    NVIC_Configuration                       0x08003ded   Thumb Code    72  timer.o(.text)
    TIM2_Configuration                       0x08003e35   Thumb Code    86  timer.o(.text)
    TIM1_Mode_Config                         0x08003e8b   Thumb Code   146  timer.o(.text)
    NVIC_PriorityGroupConfig                 0x08003f21   Thumb Code    10  misc.o(.text)
    NVIC_Init                                0x08003f2b   Thumb Code   102  misc.o(.text)
    NVIC_SetVectorTable                      0x08003f91   Thumb Code    14  misc.o(.text)
    NVIC_SystemLPConfig                      0x08003f9f   Thumb Code    34  misc.o(.text)
    SysTick_CLKSourceConfig                  0x08003fc1   Thumb Code    40  misc.o(.text)
    FLASH_SetLatency                         0x08003ffd   Thumb Code    18  stm32f10x_flash.o(.text)
    FLASH_HalfCycleAccessCmd                 0x0800400f   Thumb Code    22  stm32f10x_flash.o(.text)
    FLASH_PrefetchBufferCmd                  0x08004025   Thumb Code    22  stm32f10x_flash.o(.text)
    FLASH_Unlock                             0x0800403b   Thumb Code    12  stm32f10x_flash.o(.text)
    FLASH_Lock                               0x08004047   Thumb Code    14  stm32f10x_flash.o(.text)
    FLASH_GetStatus                          0x08004055   Thumb Code    48  stm32f10x_flash.o(.text)
    FLASH_WaitForLastOperation               0x0800409f   Thumb Code    42  stm32f10x_flash.o(.text)
    FLASH_ErasePage                          0x080040c9   Thumb Code    76  stm32f10x_flash.o(.text)
    FLASH_EraseAllPages                      0x08004115   Thumb Code    72  stm32f10x_flash.o(.text)
    FLASH_EraseOptionBytes                   0x0800415d   Thumb Code   142  stm32f10x_flash.o(.text)
    FLASH_ProgramWord                        0x080041eb   Thumb Code   100  stm32f10x_flash.o(.text)
    FLASH_ProgramHalfWord                    0x0800424f   Thumb Code    64  stm32f10x_flash.o(.text)
    FLASH_ProgramOptionByteData              0x0800428f   Thumb Code    72  stm32f10x_flash.o(.text)
    FLASH_EnableWriteProtection              0x080042d7   Thumb Code   182  stm32f10x_flash.o(.text)
    FLASH_ReadOutProtection                  0x0800438d   Thumb Code   174  stm32f10x_flash.o(.text)
    FLASH_UserOptionByteConfig               0x0800443b   Thumb Code    94  stm32f10x_flash.o(.text)
    FLASH_GetUserOptionByte                  0x08004499   Thumb Code     8  stm32f10x_flash.o(.text)
    FLASH_GetWriteProtectionOptionByte       0x080044a1   Thumb Code     6  stm32f10x_flash.o(.text)
    FLASH_GetReadOutProtectionStatus         0x080044a7   Thumb Code    20  stm32f10x_flash.o(.text)
    FLASH_GetPrefetchBufferStatus            0x080044bb   Thumb Code    20  stm32f10x_flash.o(.text)
    FLASH_ITConfig                           0x080044cf   Thumb Code    26  stm32f10x_flash.o(.text)
    FLASH_GetFlagStatus                      0x080044e9   Thumb Code    42  stm32f10x_flash.o(.text)
    FLASH_ClearFlag                          0x08004513   Thumb Code     6  stm32f10x_flash.o(.text)
    __aeabi_memcpy                           0x08004529   Thumb Code     0  rt_memcpy_v6.o(.text)
    __rt_memcpy                              0x08004529   Thumb Code   138  rt_memcpy_v6.o(.text)
    _memcpy_lastbytes                        0x0800458f   Thumb Code     0  rt_memcpy_v6.o(.text)
    __use_two_region_memory                  0x080045b3   Thumb Code     2  heapauxi.o(.text)
    __rt_heap_escrow$2region                 0x080045b5   Thumb Code     2  heapauxi.o(.text)
    __rt_heap_expand$2region                 0x080045b7   Thumb Code     2  heapauxi.o(.text)
    __aeabi_memcpy4                          0x080045b9   Thumb Code     0  rt_memcpy_w.o(.text)
    __aeabi_memcpy8                          0x080045b9   Thumb Code     0  rt_memcpy_w.o(.text)
    __rt_memcpy_w                            0x080045b9   Thumb Code   100  rt_memcpy_w.o(.text)
    _memcpy_lastbytes_aligned                0x08004601   Thumb Code     0  rt_memcpy_w.o(.text)
    __user_setup_stackheap                   0x0800461d   Thumb Code    74  sys_stackheap_outer.o(.text)
    exit                                     0x08004667   Thumb Code    12  exit.o(.text)
    __user_libspace                          0x08004675   Thumb Code     8  libspace.o(.text)
    __user_perproc_libspace                  0x08004675   Thumb Code     0  libspace.o(.text)
    __user_perthread_libspace                0x08004675   Thumb Code     0  libspace.o(.text)
    __rt_fp_status_addr                      0x0800467d   Thumb Code     8  rt_fp_status_addr_intlibspace.o(.text)
    _sys_exit                                0x08004685   Thumb Code     8  sys_exit.o(.text)
    __I$use$semihosting                      0x08004691   Thumb Code     0  use_no_semi.o(.text)
    __use_no_semihosting_swi                 0x08004691   Thumb Code     2  use_no_semi.o(.text)
    __semihosting_library_function           0x08004693   Thumb Code     0  indicate_semi.o(.text)
    _fp_init                                 0x08004693   Thumb Code    14  fpinit.o(x$fpl$fpinit)
    __fplib_config_pureend_doubles           0x0800469f   Thumb Code     0  fpinit.o(x$fpl$fpinit)
    Region$$Table$$Base                      0x08004994   Number         0  anon$$obj.o(Region$$Table)
    Region$$Table$$Limit                     0x080049b4   Number         0  anon$$obj.o(Region$$Table)
    Key                                      0x20000000   Data           8  key.o(.data)
    TemperaSet                               0x20000008   Data          24  key.o(.data)
    OldMenu                                  0x20000034   Data           1  display.o(.data)
    AlarmSaveflag                            0x20000035   Data           1  display.o(.data)
    pnull                                    0x20000038   Data           4  display.o(.data)
    pctrl                                    0x2000003c   Data          12  display.o(.data)
    pWarning                                 0x20000048   Data          40  display.o(.data)
    CH_SetupMenuItems                        0x20000070   Data         320  display.o(.data)
    AntifreezeFlag                           0x200001b8   Data           1  display.o(.data)
    Alarm                                    0x200001bc   Data          12  io_process.o(.data)
    Tflag                                    0x200001d0   Data           1  tempra_ad.o(.data)
    TemperaErrorDis                          0x200001d4   Data          12  tempra_ad.o(.data)
    Config_Data                              0x200001e8   Data          56  flash.o(.data)
    LongKeyTime                              0x20000224   Data           4  stm32f10x_it.o(.data)
    FastAddTime                              0x20000228   Data           4  stm32f10x_it.o(.data)
    MenuTime                                 0x2000022c   Data           4  stm32f10x_it.o(.data)
    LogoTime                                 0x20000230   Data           4  stm32f10x_it.o(.data)
    AutoTime                                 0x20000234   Data           4  stm32f10x_it.o(.data)
    CompressorTimeCount                      0x20000238   Data           4  stm32f10x_it.o(.data)
    Chiller                                  0x20000274   Data          14  io_process.o(.bss)
    SaveChillerNormalPara                    0x20000282   Data          14  io_process.o(.bss)
    TMonitor                                 0x20000290   Data          12  tempra_ad.o(.bss)
    TMonitorDis                              0x2000029c   Data          12  tempra_ad.o(.bss)
    Smoth_Num                                0x20000398   Data          24  tempra_ad.o(.bss)
    TemperaError                             0x200003b0   Data          12  tempra_ad.o(.bss)
    ADGetValue                               0x200003bc   Data        1200  tempra_ad.o(.bss)
    oldValue                                 0x2000086c   Data        1200  tempra_ad.o(.bss)
    ADC_Filter                               0x20000d1c   Data          12  tempra_ad.o(.bss)
    ADC_SmoothCount                          0x20000d28   Data          24  tempra_ad.o(.bss)
    STMFLASH_BUF                             0x20000d40   Data        2048  stm32flash.o(.bss)
    __libspace_start                         0x20001540   Data          96  libspace.o(.bss)
    __temporary_stack_top$libspace           0x200015a0   Data           0  libspace.o(.bss)



==============================================================================

Memory Map of the image

  Image Entry point : 0x08000213

  Load Region LR_1 (Base: 0x08000000, Size: 0x00004c28, Max: 0xffffffff, ABSOLUTE, COMPRESSED[0x00004ab8])

    Execution Region ER_RO (Base: 0x08000000, Size: 0x000049b4, Max: 0xffffffff, ABSOLUTE)

    Base Addr    Size         Type   Attr      Idx    E Section Name        Object

    0x08000000   0x00000130   Data   RO            3    RESET               startup_stm32f10x_hd.o
    0x08000130   0x00000008   Code   RO          659  * !!!main             c_w.l(__main.o)
    0x08000138   0x00000034   Code   RO          820    !!!scatter          c_w.l(__scatter.o)
    0x0800016c   0x0000005a   Code   RO          818    !!dczerorl2         c_w.l(__dczerorl2.o)
    0x080001c6   0x00000002   PAD
    0x080001c8   0x0000001c   Code   RO          822    !!handler_zi        c_w.l(__scatter_zi.o)
    0x080001e4   0x00000006   Code   RO          688    .ARM.Collect$$libinit$$00000000  c_w.l(libinit.o)
    0x080001ea   0x00000000   Code   RO          696    .ARM.Collect$$libinit$$00000006  c_w.l(libinit2.o)
    0x080001ea   0x00000000   Code   RO          698    .ARM.Collect$$libinit$$00000008  c_w.l(libinit2.o)
    0x080001ea   0x00000000   Code   RO          700    .ARM.Collect$$libinit$$0000000A  c_w.l(libinit2.o)
    0x080001ea   0x00000000   Code   RO          703    .ARM.Collect$$libinit$$0000000D  c_w.l(libinit2.o)
    0x080001ea   0x00000000   Code   RO          705    .ARM.Collect$$libinit$$0000000F  c_w.l(libinit2.o)
    0x080001ea   0x00000000   Code   RO          707    .ARM.Collect$$libinit$$00000011  c_w.l(libinit2.o)
    0x080001ea   0x00000000   Code   RO          709    .ARM.Collect$$libinit$$00000013  c_w.l(libinit2.o)
    0x080001ea   0x00000000   Code   RO          711    .ARM.Collect$$libinit$$00000015  c_w.l(libinit2.o)
    0x080001ea   0x00000000   Code   RO          713    .ARM.Collect$$libinit$$00000017  c_w.l(libinit2.o)
    0x080001ea   0x00000000   Code   RO          715    .ARM.Collect$$libinit$$00000019  c_w.l(libinit2.o)
    0x080001ea   0x00000000   Code   RO          717    .ARM.Collect$$libinit$$0000001B  c_w.l(libinit2.o)
    0x080001ea   0x00000000   Code   RO          719    .ARM.Collect$$libinit$$0000001D  c_w.l(libinit2.o)
    0x080001ea   0x00000000   Code   RO          721    .ARM.Collect$$libinit$$0000001F  c_w.l(libinit2.o)
    0x080001ea   0x00000000   Code   RO          723    .ARM.Collect$$libinit$$00000021  c_w.l(libinit2.o)
    0x080001ea   0x00000000   Code   RO          727    .ARM.Collect$$libinit$$00000028  c_w.l(libinit2.o)
    0x080001ea   0x00000000   Code   RO          729    .ARM.Collect$$libinit$$0000002A  c_w.l(libinit2.o)
    0x080001ea   0x00000000   Code   RO          731    .ARM.Collect$$libinit$$0000002C  c_w.l(libinit2.o)
    0x080001ea   0x00000000   Code   RO          733    .ARM.Collect$$libinit$$0000002E  c_w.l(libinit2.o)
    0x080001ea   0x00000002   Code   RO          734    .ARM.Collect$$libinit$$0000002F  c_w.l(libinit2.o)
    0x080001ec   0x00000002   Code   RO          759    .ARM.Collect$$libshutdown$$00000000  c_w.l(libshutdown.o)
    0x080001ee   0x00000000   Code   RO          773    .ARM.Collect$$libshutdown$$00000003  c_w.l(libshutdown2.o)
    0x080001ee   0x00000000   Code   RO          776    .ARM.Collect$$libshutdown$$00000006  c_w.l(libshutdown2.o)
    0x080001ee   0x00000000   Code   RO          779    .ARM.Collect$$libshutdown$$00000009  c_w.l(libshutdown2.o)
    0x080001ee   0x00000000   Code   RO          781    .ARM.Collect$$libshutdown$$0000000B  c_w.l(libshutdown2.o)
    0x080001ee   0x00000000   Code   RO          784    .ARM.Collect$$libshutdown$$0000000E  c_w.l(libshutdown2.o)
    0x080001ee   0x00000002   Code   RO          785    .ARM.Collect$$libshutdown$$0000000F  c_w.l(libshutdown2.o)
    0x080001f0   0x00000000   Code   RO          661    .ARM.Collect$$rtentry$$00000000  c_w.l(rtentry.o)
    0x080001f0   0x00000000   Code   RO          665    .ARM.Collect$$rtentry$$00000002  c_w.l(rtentry2.o)
    0x080001f0   0x00000006   Code   RO          677    .ARM.Collect$$rtentry$$00000004  c_w.l(rtentry4.o)
    0x080001f6   0x00000000   Code   RO          667    .ARM.Collect$$rtentry$$00000009  c_w.l(rtentry2.o)
    0x080001f6   0x00000004   Code   RO          668    .ARM.Collect$$rtentry$$0000000A  c_w.l(rtentry2.o)
    0x080001fa   0x00000000   Code   RO          670    .ARM.Collect$$rtentry$$0000000C  c_w.l(rtentry2.o)
    0x080001fa   0x00000008   Code   RO          671    .ARM.Collect$$rtentry$$0000000D  c_w.l(rtentry2.o)
    0x08000202   0x00000002   Code   RO          692    .ARM.Collect$$rtexit$$00000000  c_w.l(rtexit.o)
    0x08000204   0x00000000   Code   RO          738    .ARM.Collect$$rtexit$$00000002  c_w.l(rtexit2.o)
    0x08000204   0x00000004   Code   RO          739    .ARM.Collect$$rtexit$$00000003  c_w.l(rtexit2.o)
    0x08000208   0x00000006   Code   RO          740    .ARM.Collect$$rtexit$$00000004  c_w.l(rtexit2.o)
    0x0800020e   0x00000002   PAD
    0x08000210   0x00000048   Code   RO            4  * .text               startup_stm32f10x_hd.o
    0x08000258   0x00000558   Code   RO           10    .text               key.o
    0x080007b0   0x000005f0   Code   RO          105    .text               display.o
    0x08000da0   0x00000360   Code   RO          128    .text               io_process.o
    0x08001100   0x0000062c   Code   RO          147    .text               tempra_ad.o
    0x0800172c   0x000000d8   Code   RO          166    .text               flash.o
    0x08001804   0x00000124   Code   RO          194    .text               system_stm32f10x.o
    0x08001928   0x000000c0   Code   RO          212    .text               main.o
    0x080019e8   0x00000430   Code   RO          228    .text               STM32F103FWlib.lib(stm32f10x_adc.o)
    0x08001e18   0x0000023c   Code   RO          296    .text               STM32F103FWlib.lib(stm32f10x_dma.o)
    0x08002054   0x0000032c   Code   RO          316    .text               STM32F103FWlib.lib(stm32f10x_gpio.o)
    0x08002380   0x00000098   Code   RO          336    .text               STM32F103FWlib.lib(stm32f10x_it.o)
    0x08002418   0x000003a0   Code   RO          362    .text               STM32F103FWlib.lib(stm32f10x_rcc.o)
    0x080027b8   0x00000bc6   Code   RO          384    .text               STM32F103FWlib.lib(stm32f10x_tim.o)
    0x0800337e   0x00000002   PAD
    0x08003380   0x00000070   Code   RO          402    .text               ChillerFWlib.lib(delay_timer.o)
    0x080033f0   0x000008c2   Code   RO          421    .text               ChillerFWlib.lib(j12864.o)
    0x08003cb2   0x00000002   PAD
    0x08003cb4   0x00000138   Code   RO          491    .text               ChillerFWlib.lib(stm32flash.o)
    0x08003dec   0x00000134   Code   RO          565    .text               ChillerFWlib.lib(timer.o)
    0x08003f20   0x000000dc   Code   RO          587    .text               STM32F103FWlib.lib(misc.o)
    0x08003ffc   0x0000052c   Code   RO          635    .text               STM32F103FWlib.lib(stm32f10x_flash.o)
    0x08004528   0x0000008a   Code   RO          655    .text               c_w.l(rt_memcpy_v6.o)
    0x080045b2   0x00000006   Code   RO          657    .text               c_w.l(heapauxi.o)
    0x080045b8   0x00000064   Code   RO          662    .text               c_w.l(rt_memcpy_w.o)
    0x0800461c   0x0000004a   Code   RO          679    .text               c_w.l(sys_stackheap_outer.o)
    0x08004666   0x0000000c   Code   RO          681    .text               c_w.l(exit.o)
    0x08004672   0x00000002   PAD
    0x08004674   0x00000008   Code   RO          689    .text               c_w.l(libspace.o)
    0x0800467c   0x00000008   Code   RO          747    .text               c_w.l(rt_fp_status_addr_intlibspace.o)
    0x08004684   0x0000000c   Code   RO          751    .text               c_w.l(sys_exit.o)
    0x08004690   0x00000002   Code   RO          762    .text               c_w.l(use_no_semi.o)
    0x08004692   0x00000000   Code   RO          764    .text               c_w.l(indicate_semi.o)
    0x08004692   0x0000000e   Code   RO          735    x$fpl$fpinit        fz_ws.l(fpinit.o)
    0x080046a0   0x000002f3   Data   RO          106    .conststring        display.o
    0x08004993   0x00000001   PAD
    0x08004994   0x00000020   Data   RO          816    Region$$Table       anon$$obj.o


    Execution Region ER_RW (Base: 0x20000000, Size: 0x00000274, Max: 0xffffffff, ABSOLUTE, COMPRESSED[0x00000104])

    Base Addr    Size         Type   Attr      Idx    E Section Name        Object

    0x20000000   0x00000034   Data   RW           11    .data               key.o
    0x20000034   0x00000185   Data   RW          107    .data               display.o
    0x200001b9   0x00000003   PAD
    0x200001bc   0x00000014   Data   RW          130    .data               io_process.o
    0x200001d0   0x00000018   Data   RW          149    .data               tempra_ad.o
    0x200001e8   0x0000003c   Data   RW          167    .data               flash.o
    0x20000224   0x00000018   Data   RW          337    .data               STM32F103FWlib.lib(stm32f10x_it.o)
    0x2000023c   0x00000014   Data   RW          363    .data               STM32F103FWlib.lib(stm32f10x_rcc.o)
    0x20000250   0x00000004   Data   RW          403    .data               ChillerFWlib.lib(delay_timer.o)
    0x20000254   0x00000020   Data   RW          422    .data               ChillerFWlib.lib(j12864.o)


    Execution Region ER_ZI (Base: 0x20000274, Size: 0x0000152c, Max: 0xffffffff, ABSOLUTE)

    Base Addr    Size         Type   Attr      Idx    E Section Name        Object

    0x20000274   0x0000001c   Zero   RW          129    .bss                io_process.o
    0x20000290   0x00000ab0   Zero   RW          148    .bss                tempra_ad.o
    0x20000d40   0x00000800   Zero   RW          492    .bss                ChillerFWlib.lib(stm32flash.o)
    0x20001540   0x00000060   Zero   RW          690    .bss                c_w.l(libspace.o)
    0x200015a0   0x00000000   Zero   RW            2    HEAP                startup_stm32f10x_hd.o
    0x200015a0   0x00000200   Zero   RW            1    STACK               startup_stm32f10x_hd.o


==============================================================================

Image component sizes


      Code (inc. data)   RO Data    RW Data    ZI Data      Debug   Object Name

      1520        104        755        389          0       3387   display.o
       216         24          0         60          0       1110   flash.o
       864         40          0         20         28       3217   io_process.o
      1368        108          0         52          0     230920   key.o
       192         22          0          0          0        547   main.o
        72         26        304          0        512        840   startup_stm32f10x_hd.o
       292         18          0          0          0       1093   system_stm32f10x.o
      1580         96          0         24       2736       3142   tempra_ad.o

    ----------------------------------------------------------------------
      6104        438       1092        548       3276     244256   Object Totals
         0          0         32          0          0          0   (incl. Generated)
         0          0          1          3          0          0   (incl. Padding)

    ----------------------------------------------------------------------

      Code (inc. data)   RO Data    RW Data    ZI Data      Debug   Library Member Name

       112         18          0          4          0        864   delay_timer.o
      2242        100          0         32          0     236441   j12864.o
       312         10          0          0       2048     200307   stm32flash.o
       308          4          0          0          0       1009   timer.o
       220         20          0          0          0       3233   misc.o
      1072         20          0          0          0     279645   stm32f10x_adc.o
       572         16          0          0          0       3319   stm32f10x_dma.o
      1324         34          0          0          0       6946   stm32f10x_flash.o
       812         18          0          0          0       4971   stm32f10x_gpio.o
       152         26          0         24          0       1727   stm32f10x_it.o
       928         44          0         20          0       8524   stm32f10x_rcc.o
      3014         16          0          0          0      23676   stm32f10x_tim.o
        90          0          0          0          0          0   __dczerorl2.o
         8          0          0          0          0         68   __main.o
        52          8          0          0          0          0   __scatter.o
        28          0          0          0          0          0   __scatter_zi.o
        12          0          0          0          0         72   exit.o
         6          0          0          0          0        152   heapauxi.o
         0          0          0          0          0          0   indicate_semi.o
         6          0          0          0          0          0   libinit.o
         2          0          0          0          0          0   libinit2.o
         2          0          0          0          0          0   libshutdown.o
         2          0          0          0          0          0   libshutdown2.o
         8          4          0          0         96         68   libspace.o
         8          4          0          0          0         68   rt_fp_status_addr_intlibspace.o
       138          0          0          0          0         68   rt_memcpy_v6.o
       100          0          0          0          0         80   rt_memcpy_w.o
         0          0          0          0          0          0   rtentry.o
        12          0          0          0          0          0   rtentry2.o
         6          0          0          0          0          0   rtentry4.o
         2          0          0          0          0          0   rtexit.o
        10          0          0          0          0          0   rtexit2.o
        12          4          0          0          0         68   sys_exit.o
        74          0          0          0          0         80   sys_stackheap_outer.o
         2          0          0          0          0         68   use_no_semi.o
        14          0          0          0          0         76   fpinit.o

    ----------------------------------------------------------------------
     11672        346          0         80       2144     771530   Library Totals
        10          0          0          0          0          0   (incl. Padding)

    ----------------------------------------------------------------------

      Code (inc. data)   RO Data    RW Data    ZI Data      Debug   Library Name

      2974        132          0         36       2048     438621   ChillerFWlib.lib
      8094        194          0         44          0     332041   STM32F103FWlib.lib
       580         20          0          0         96        792   c_w.l
        14          0          0          0          0         76   fz_ws.l

    ----------------------------------------------------------------------
     11672        346          0         80       2144     771530   Library Totals

    ----------------------------------------------------------------------

==============================================================================


      Code (inc. data)   RO Data    RW Data    ZI Data      Debug   

     17776        784       1092        628       5420    1013446   Grand Totals
     17776        784       1092        260       5420    1013446   ELF Image Totals (compressed)
     17776        784       1092        260          0          0   ROM Totals

==============================================================================

    Total RO  Size (Code + RO Data)                18868 (  18.43kB)
    Total RW  Size (RW Data + ZI Data)              6048 (   5.91kB)
    Total ROM Size (Code + RO Data + RW Data)      19128 (  18.68kB)

==============================================================================

